0 verbose cli C:\Program Files\nodejs\node.exe C:\Users\USER\AppData\Roaming\npm\node_modules\npm\bin\npm-cli.js
1 info using npm@11.7.0
2 info using node@v24.12.0
3 silly config load:file:C:\Users\USER\AppData\Roaming\npm\node_modules\npm\npmrc
4 silly config load:file:C:\quotation\my-next-app\.npmrc
5 silly config load:file:C:\Users\USER\.npmrc
6 silly config load:file:C:\Users\USER\AppData\Roaming\npm\etc\npmrc
7 verbose title npm exec ctx7 setup --help
8 verbose argv "exec" "--yes" "--" "ctx7" "setup" "--help"
9 verbose logfile logs-max:10 dir:C:\quotation\my-next-app\.npm-cache\_logs\2026-03-02T07_27_26_853Z-
10 verbose logfile C:\quotation\my-next-app\.npm-cache\_logs\2026-03-02T07_27_26_853Z-debug-0.log
11 silly logfile done cleaning log files
12 silly packumentCache heap:4496293888 maxSize:1124073472 maxEntrySize:562036736
13 http fetch GET 200 https://registry.npmjs.org/ctx7 104ms (cache revalidated)
14 silly packumentCache heap:4496293888 maxSize:1124073472 maxEntrySize:562036736
15 silly packumentCache heap:4496293888 maxSize:1124073472 maxEntrySize:562036736
16 verbose cwd C:\quotation\my-next-app
17 verbose os Windows_NT 10.0.26200
18 verbose node v24.12.0
19 verbose npm  v11.7.0
20 verbose exit 0
21 info ok
