0 verbose cli C:\Program Files\nodejs\node.exe C:\Users\USER\AppData\Roaming\npm\node_modules\npm\bin\npm-cli.js
1 info using npm@11.7.0
2 info using node@v24.12.0
3 silly config load:file:C:\Users\USER\AppData\Roaming\npm\node_modules\npm\npmrc
4 silly config load:file:C:\quotation\my-next-app\.npmrc
5 silly config load:file:C:\Users\USER\.npmrc
6 silly config load:file:C:\Users\USER\AppData\Roaming\npm\etc\npmrc
7 verbose title npm search context7
8 verbose argv "--cache" ".npm-cache" "search" "context7" "--json"
9 verbose logfile logs-max:10 dir:C:\quotation\my-next-app\.npm-cache\_logs\2026-03-02T07_26_52_686Z-
10 verbose logfile C:\quotation\my-next-app\.npm-cache\_logs\2026-03-02T07_26_52_686Z-debug-0.log
11 silly logfile done cleaning log files
12 silly search searching packages
13 http fetch GET 200 https://registry.npmjs.org/-/v1/search?text=context7&size=20&from=0&quality=0.65&popularity=0.98&maintenance=0.5 958ms (cache miss)
14 silly search search completed
15 verbose cwd C:\quotation\my-next-app
16 verbose os Windows_NT 10.0.26200
17 verbose node v24.12.0
18 verbose npm  v11.7.0
19 verbose exit 0
20 info ok
