0 verbose cli C:\Program Files\nodejs\node.exe C:\Users\USER\AppData\Roaming\npm\node_modules\npm\bin\npm-cli.js
1 info using npm@11.7.0
2 info using node@v24.12.0
3 silly config load:file:C:\Users\USER\AppData\Roaming\npm\node_modules\npm\npmrc
4 silly config load:file:C:\quotation\my-next-app\.npmrc
5 silly config load:file:C:\Users\USER\.npmrc
6 silly config load:file:C:\Users\USER\AppData\Roaming\npm\etc\npmrc
7 verbose title npm install context7
8 verbose argv "--cache" ".npm-cache" "install" "context7"
9 verbose logfile logs-max:10 dir:C:\quotation\my-next-app\.npm-cache\_logs\2026-03-02T07_24_18_728Z-
10 verbose logfile C:\quotation\my-next-app\.npm-cache\_logs\2026-03-02T07_24_18_728Z-debug-0.log
11 silly logfile done cleaning log files
12 silly packumentCache heap:4496293888 maxSize:1124073472 maxEntrySize:562036736
13 silly idealTree buildDeps
14 silly fetch manifest context7@*
15 silly packumentCache full:https://registry.npmjs.org/context7 cache-miss
16 http cache https://registry.npmjs.org/context7 69ms (cache hit)
17 silly packumentCache full:https://registry.npmjs.org/context7 set size:10789 disposed:false
18 silly placeDep ROOT context7@1.0.3 OK for: my-next-app@0.1.0 want: *
19 silly fetch manifest chalk@^5.4.1
20 silly packumentCache full:https://registry.npmjs.org/chalk cache-miss
21 silly fetch manifest node-fetch@^2.6.7
22 silly packumentCache full:https://registry.npmjs.org/node-fetch cache-miss
23 silly fetch manifest ora@^8.2.0
24 silly packumentCache full:https://registry.npmjs.org/ora cache-miss
25 silly fetch manifest yargs@^17.7.2
26 silly packumentCache full:https://registry.npmjs.org/yargs cache-miss
27 http fetch GET 200 https://registry.npmjs.org/chalk 184ms (cache miss)
28 silly packumentCache full:https://registry.npmjs.org/chalk set size:undefined disposed:false
29 http fetch GET 200 https://registry.npmjs.org/yargs 190ms (cache miss)
30 silly packumentCache full:https://registry.npmjs.org/yargs set size:undefined disposed:false
31 http fetch GET 200 https://registry.npmjs.org/node-fetch 331ms (cache miss)
32 silly packumentCache full:https://registry.npmjs.org/node-fetch set size:undefined disposed:false
33 http fetch GET 200 https://registry.npmjs.org/ora 430ms (cache miss)
34 silly packumentCache full:https://registry.npmjs.org/ora set size:undefined disposed:false
35 silly fetch manifest encoding@^0.1.0
36 silly packumentCache full:https://registry.npmjs.org/encoding cache-miss
37 http fetch GET 200 https://registry.npmjs.org/encoding 78ms (cache miss)
38 silly packumentCache full:https://registry.npmjs.org/encoding set size:undefined disposed:false
39 silly placeDep node_modules/context7 chalk@5.6.2 OK for: context7@1.0.3 want: ^5.4.1
40 silly placeDep node_modules/context7 node-fetch@2.7.0 OK for: context7@1.0.3 want: ^2.6.7
41 silly placeDep ROOT ora@8.2.0 OK for: context7@1.0.3 want: ^8.2.0
42 silly placeDep ROOT yargs@17.7.2 OK for: context7@1.0.3 want: ^17.7.2
43 silly fetch manifest whatwg-url@^5.0.0
44 silly packumentCache full:https://registry.npmjs.org/whatwg-url cache-miss
45 silly fetch manifest chalk@^5.3.0
46 silly packumentCache full:https://registry.npmjs.org/chalk cache-miss
47 silly fetch manifest cli-cursor@^5.0.0
48 silly packumentCache full:https://registry.npmjs.org/cli-cursor cache-miss
49 silly fetch manifest strip-ansi@^7.1.0
50 silly packumentCache full:https://registry.npmjs.org/strip-ansi cache-miss
51 silly fetch manifest log-symbols@^6.0.0
52 silly packumentCache full:https://registry.npmjs.org/log-symbols cache-miss
53 silly fetch manifest cli-spinners@^2.9.2
54 silly packumentCache full:https://registry.npmjs.org/cli-spinners cache-miss
55 silly fetch manifest string-width@^7.2.0
56 silly packumentCache full:https://registry.npmjs.org/string-width cache-miss
57 http cache https://registry.npmjs.org/chalk 13ms (cache hit)
58 silly packumentCache full:https://registry.npmjs.org/chalk set size:117861 disposed:false
59 silly fetch manifest is-interactive@^2.0.0
60 silly packumentCache full:https://registry.npmjs.org/is-interactive cache-miss
61 http fetch GET 200 https://registry.npmjs.org/cli-cursor 55ms (cache miss)
62 silly packumentCache full:https://registry.npmjs.org/cli-cursor set size:undefined disposed:false
63 silly fetch manifest stdin-discarder@^0.2.2
64 silly packumentCache full:https://registry.npmjs.org/stdin-discarder cache-miss
65 http fetch GET 200 https://registry.npmjs.org/log-symbols 56ms (cache miss)
66 silly packumentCache full:https://registry.npmjs.org/log-symbols set size:undefined disposed:false
67 silly fetch manifest is-unicode-supported@^2.0.0
68 silly packumentCache full:https://registry.npmjs.org/is-unicode-supported cache-miss
69 http fetch GET 200 https://registry.npmjs.org/whatwg-url 58ms (cache miss)
70 silly packumentCache full:https://registry.npmjs.org/whatwg-url set size:undefined disposed:false
71 silly fetch manifest y18n@^5.0.5
72 silly packumentCache full:https://registry.npmjs.org/y18n cache-miss
73 http fetch GET 200 https://registry.npmjs.org/cli-spinners 78ms (cache miss)
74 silly packumentCache full:https://registry.npmjs.org/cli-spinners set size:undefined disposed:false
75 silly fetch manifest cliui@^8.0.1
76 silly packumentCache full:https://registry.npmjs.org/cliui cache-miss
77 http fetch GET 200 https://registry.npmjs.org/string-width 87ms (cache miss)
78 silly packumentCache full:https://registry.npmjs.org/string-width set size:undefined disposed:false
79 silly fetch manifest string-width@^4.2.3
80 silly packumentCache full:https://registry.npmjs.org/string-width cache-miss
81 http cache https://registry.npmjs.org/string-width 3ms (cache hit)
82 silly packumentCache full:https://registry.npmjs.org/string-width set size:68305 disposed:false
83 silly fetch manifest yargs-parser@^21.1.1
84 silly packumentCache full:https://registry.npmjs.org/yargs-parser cache-miss
85 http fetch GET 200 https://registry.npmjs.org/is-interactive 84ms (cache miss)
86 silly packumentCache full:https://registry.npmjs.org/is-interactive set size:undefined disposed:false
87 silly fetch manifest get-caller-file@^2.0.5
88 silly packumentCache full:https://registry.npmjs.org/get-caller-file cache-miss
89 http fetch GET 200 https://registry.npmjs.org/stdin-discarder 45ms (cache miss)
90 silly packumentCache full:https://registry.npmjs.org/stdin-discarder set size:undefined disposed:false
91 silly fetch manifest require-directory@^2.1.1
92 silly packumentCache full:https://registry.npmjs.org/require-directory cache-miss
93 http fetch GET 200 https://registry.npmjs.org/is-unicode-supported 50ms (cache miss)
94 silly packumentCache full:https://registry.npmjs.org/is-unicode-supported set size:undefined disposed:false
95 http fetch GET 200 https://registry.npmjs.org/y18n 62ms (cache miss)
96 silly packumentCache full:https://registry.npmjs.org/y18n set size:undefined disposed:false
97 http fetch GET 200 https://registry.npmjs.org/cliui 44ms (cache miss)
98 silly packumentCache full:https://registry.npmjs.org/cliui set size:undefined disposed:false
99 http fetch GET 200 https://registry.npmjs.org/require-directory 38ms (cache miss)
100 silly packumentCache full:https://registry.npmjs.org/require-directory set size:undefined disposed:false
101 http fetch GET 200 https://registry.npmjs.org/get-caller-file 51ms (cache miss)
102 silly packumentCache full:https://registry.npmjs.org/get-caller-file set size:undefined disposed:false
103 http fetch GET 200 https://registry.npmjs.org/yargs-parser 64ms (cache miss)
104 silly packumentCache full:https://registry.npmjs.org/yargs-parser set size:undefined disposed:false
105 http fetch GET 200 https://registry.npmjs.org/strip-ansi 363ms (cache miss)
106 silly packumentCache full:https://registry.npmjs.org/strip-ansi set size:undefined disposed:false
107 silly placeDep node_modules/ora chalk@5.6.2 OK for: ora@8.2.0 want: ^5.3.0
108 silly placeDep ROOT cli-cursor@5.0.0 OK for: ora@8.2.0 want: ^5.0.0
109 silly placeDep ROOT cli-spinners@2.9.2 OK for: ora@8.2.0 want: ^2.9.2
110 silly placeDep ROOT is-interactive@2.0.0 OK for: ora@8.2.0 want: ^2.0.0
111 silly placeDep ROOT is-unicode-supported@2.1.0 OK for: ora@8.2.0 want: ^2.0.0
112 silly placeDep ROOT log-symbols@6.0.0 OK for: ora@8.2.0 want: ^6.0.0
113 silly placeDep ROOT stdin-discarder@0.2.2 OK for: ora@8.2.0 want: ^0.2.2
114 silly placeDep ROOT string-width@7.2.0 OK for: ora@8.2.0 want: ^7.2.0
115 silly placeDep ROOT strip-ansi@7.2.0 OK for: ora@8.2.0 want: ^7.1.0
116 silly fetch manifest restore-cursor@^5.0.0
117 silly packumentCache full:https://registry.npmjs.org/restore-cursor cache-miss
118 silly fetch manifest is-unicode-supported@^1.3.0
119 silly packumentCache full:https://registry.npmjs.org/is-unicode-supported cache-miss
120 silly fetch manifest emoji-regex@^10.3.0
121 silly packumentCache full:https://registry.npmjs.org/emoji-regex cache-miss
122 silly fetch manifest get-east-asian-width@^1.0.0
123 silly packumentCache full:https://registry.npmjs.org/get-east-asian-width cache-miss
124 silly fetch manifest ansi-regex@^6.2.2
125 silly packumentCache full:https://registry.npmjs.org/ansi-regex cache-miss
126 http cache https://registry.npmjs.org/is-unicode-supported 9ms (cache hit)
127 silly packumentCache full:https://registry.npmjs.org/is-unicode-supported set size:19461 disposed:false
128 http fetch GET 200 https://registry.npmjs.org/restore-cursor 47ms (cache miss)
129 silly packumentCache full:https://registry.npmjs.org/restore-cursor set size:undefined disposed:false
130 http fetch GET 200 https://registry.npmjs.org/get-east-asian-width 47ms (cache miss)
131 silly packumentCache full:https://registry.npmjs.org/get-east-asian-width set size:undefined disposed:false
132 http fetch GET 200 https://registry.npmjs.org/ansi-regex 48ms (cache miss)
133 silly packumentCache full:https://registry.npmjs.org/ansi-regex set size:undefined disposed:false
134 http fetch GET 200 https://registry.npmjs.org/emoji-regex 55ms (cache miss)
135 silly packumentCache full:https://registry.npmjs.org/emoji-regex set size:undefined disposed:false
136 silly placeDep ROOT restore-cursor@5.1.0 OK for: cli-cursor@5.0.0 want: ^5.0.0
137 silly fetch manifest onetime@^7.0.0
138 silly packumentCache full:https://registry.npmjs.org/onetime cache-miss
139 http fetch GET 200 https://registry.npmjs.org/onetime 55ms (cache miss)
140 silly packumentCache full:https://registry.npmjs.org/onetime set size:undefined disposed:false
141 silly placeDep node_modules/log-symbols chalk@5.6.2 OK for: log-symbols@6.0.0 want: ^5.3.0
142 silly placeDep node_modules/log-symbols is-unicode-supported@1.3.0 OK for: log-symbols@6.0.0 want: ^1.3.0
143 silly placeDep ROOT onetime@7.0.0 OK for: restore-cursor@5.1.0 want: ^7.0.0
144 silly fetch manifest mimic-function@^5.0.0
145 silly packumentCache full:https://registry.npmjs.org/mimic-function cache-miss
146 http fetch GET 200 https://registry.npmjs.org/mimic-function 41ms (cache miss)
147 silly packumentCache full:https://registry.npmjs.org/mimic-function set size:undefined disposed:false
148 silly placeDep ROOT mimic-function@5.0.1 OK for: onetime@7.0.0 want: ^5.0.0
149 silly placeDep node_modules/string-width emoji-regex@10.6.0 OK for: string-width@7.2.0 want: ^10.3.0
150 silly placeDep ROOT get-east-asian-width@1.5.0 OK for: string-width@7.2.0 want: ^1.0.0
151 silly placeDep node_modules/strip-ansi ansi-regex@6.2.2 OK for: strip-ansi@7.2.0 want: ^6.2.2
152 silly placeDep ROOT cliui@8.0.1 OK for: yargs@17.7.2 want: ^8.0.1
153 silly placeDep ROOT get-caller-file@2.0.5 OK for: yargs@17.7.2 want: ^2.0.5
154 silly placeDep ROOT require-directory@2.1.1 OK for: yargs@17.7.2 want: ^2.1.1
155 silly placeDep node_modules/yargs string-width@4.2.3 OK for: yargs@17.7.2 want: ^4.2.3
156 silly placeDep ROOT y18n@5.0.8 OK for: yargs@17.7.2 want: ^5.0.5
157 silly placeDep ROOT yargs-parser@21.1.1 OK for: yargs@17.7.2 want: ^21.1.1
158 silly fetch manifest wrap-ansi@^7.0.0
159 silly packumentCache full:https://registry.npmjs.org/wrap-ansi cache-miss
160 silly fetch manifest strip-ansi@^6.0.1
161 silly packumentCache full:https://registry.npmjs.org/strip-ansi cache-miss
162 silly fetch manifest string-width@^4.2.0
163 silly packumentCache full:https://registry.npmjs.org/string-width cache-hit
164 silly fetch manifest strip-ansi@^6.0.1
165 silly packumentCache full:https://registry.npmjs.org/strip-ansi cache-miss
166 silly fetch manifest emoji-regex@^8.0.0
167 silly packumentCache full:https://registry.npmjs.org/emoji-regex cache-miss
168 silly fetch manifest is-fullwidth-code-point@^3.0.0
169 silly packumentCache full:https://registry.npmjs.org/is-fullwidth-code-point cache-miss
170 http cache https://registry.npmjs.org/emoji-regex 7ms (cache hit)
171 silly packumentCache full:https://registry.npmjs.org/emoji-regex set size:89088 disposed:false
172 http cache https://registry.npmjs.org/strip-ansi 24ms (cache hit)
173 silly packumentCache full:https://registry.npmjs.org/strip-ansi set size:44998 disposed:false
174 http cache https://registry.npmjs.org/strip-ansi 24ms (cache hit)
175 silly packumentCache full:https://registry.npmjs.org/strip-ansi set size:44998 disposed:false
176 silly packumentCache full:https://registry.npmjs.org/strip-ansi dispose
177 http fetch GET 200 https://registry.npmjs.org/is-fullwidth-code-point 55ms (cache miss)
178 silly packumentCache full:https://registry.npmjs.org/is-fullwidth-code-point set size:undefined disposed:false
179 http fetch GET 200 https://registry.npmjs.org/wrap-ansi 109ms (cache miss)
180 silly packumentCache full:https://registry.npmjs.org/wrap-ansi set size:undefined disposed:false
181 silly placeDep node_modules/cliui string-width@4.2.3 OK for: cliui@8.0.1 want: ^4.2.0
182 silly placeDep node_modules/cliui strip-ansi@6.0.1 OK for: cliui@8.0.1 want: ^6.0.1
183 silly placeDep ROOT wrap-ansi@7.0.0 OK for: cliui@8.0.1 want: ^7.0.0
184 silly fetch manifest strip-ansi@^6.0.0
185 silly packumentCache full:https://registry.npmjs.org/strip-ansi cache-hit
186 silly fetch manifest string-width@^4.1.0
187 silly packumentCache full:https://registry.npmjs.org/string-width cache-hit
188 silly placeDep node_modules/wrap-ansi string-width@4.2.3 OK for: wrap-ansi@7.0.0 want: ^4.1.0
189 silly placeDep node_modules/wrap-ansi strip-ansi@6.0.1 OK for: wrap-ansi@7.0.0 want: ^6.0.0
190 silly placeDep node_modules/cliui emoji-regex@8.0.0 OK for: string-width@4.2.3 want: ^8.0.0
191 silly placeDep ROOT is-fullwidth-code-point@3.0.0 OK for: string-width@4.2.3 want: ^3.0.0
192 silly placeDep node_modules/context7 whatwg-url@5.0.0 OK for: node-fetch@2.7.0 want: ^5.0.0
193 silly fetch manifest tr46@~0.0.3
194 silly packumentCache full:https://registry.npmjs.org/tr46 cache-miss
195 silly fetch manifest webidl-conversions@^3.0.0
196 silly packumentCache full:https://registry.npmjs.org/webidl-conversions cache-miss
197 http fetch GET 200 https://registry.npmjs.org/tr46 78ms (cache miss)
198 silly packumentCache full:https://registry.npmjs.org/tr46 set size:undefined disposed:false
199 http fetch GET 200 https://registry.npmjs.org/webidl-conversions 79ms (cache miss)
200 silly packumentCache full:https://registry.npmjs.org/webidl-conversions set size:undefined disposed:false
201 silly placeDep node_modules/context7 tr46@0.0.3 OK for: whatwg-url@5.0.0 want: ~0.0.3
202 silly placeDep node_modules/context7 webidl-conversions@3.0.1 OK for: whatwg-url@5.0.0 want: ^3.0.0
203 silly placeDep node_modules/wrap-ansi emoji-regex@8.0.0 OK for: string-width@4.2.3 want: ^8.0.0
204 silly placeDep node_modules/yargs emoji-regex@8.0.0 OK for: string-width@4.2.3 want: ^8.0.0
205 silly placeDep node_modules/yargs strip-ansi@6.0.1 OK for: string-width@4.2.3 want: ^6.0.1
206 silly reify moves {}
207 silly audit bulk request {
207 silly audit   '@adobe/css-tools': [ '4.4.4' ],
207 silly audit   '@alloc/quick-lru': [ '5.2.0' ],
207 silly audit   '@asamuzakjp/css-color': [ '3.2.0' ],
207 silly audit   'lru-cache': [ '10.4.3', '5.1.1' ],
207 silly audit   '@babel/code-frame': [ '7.27.1' ],
207 silly audit   '@babel/compat-data': [ '7.28.5' ],
207 silly audit   '@babel/core': [ '7.28.5' ],
207 silly audit   '@babel/generator': [ '7.28.5' ],
207 silly audit   '@babel/helper-compilation-targets': [ '7.27.2' ],
207 silly audit   '@babel/helper-globals': [ '7.28.0' ],
207 silly audit   '@babel/helper-module-imports': [ '7.27.1' ],
207 silly audit   '@babel/helper-module-transforms': [ '7.28.3' ],
207 silly audit   '@babel/helper-plugin-utils': [ '7.28.6' ],
207 silly audit   '@babel/helper-string-parser': [ '7.27.1' ],
207 silly audit   '@babel/helper-validator-identifier': [ '7.28.5' ],
207 silly audit   '@babel/helper-validator-option': [ '7.27.1' ],
207 silly audit   '@babel/helpers': [ '7.28.4' ],
207 silly audit   '@babel/parser': [ '7.28.5' ],
207 silly audit   '@babel/plugin-transform-react-jsx-self': [ '7.27.1' ],
207 silly audit   '@babel/plugin-transform-react-jsx-source': [ '7.27.1' ],
207 silly audit   '@babel/runtime': [ '7.28.4' ],
207 silly audit   '@babel/template': [ '7.27.2' ],
207 silly audit   '@babel/traverse': [ '7.28.5' ],
207 silly audit   '@babel/types': [ '7.28.5' ],
207 silly audit   '@csstools/color-helpers': [ '5.1.0' ],
207 silly audit   '@csstools/css-calc': [ '2.1.4' ],
207 silly audit   '@csstools/css-color-parser': [ '3.1.0' ],
207 silly audit   '@csstools/css-parser-algorithms': [ '3.0.5' ],
207 silly audit   '@csstools/css-tokenizer': [ '3.0.4' ],
207 silly audit   '@emnapi/core': [ '1.7.1' ],
207 silly audit   '@emnapi/runtime': [ '1.7.1' ],
207 silly audit   '@emnapi/wasi-threads': [ '1.1.0' ],
207 silly audit   '@esbuild/aix-ppc64': [ '0.27.2' ],
207 silly audit   '@esbuild/android-arm': [ '0.27.2' ],
207 silly audit   '@esbuild/android-arm64': [ '0.27.2' ],
207 silly audit   '@esbuild/android-x64': [ '0.27.2' ],
207 silly audit   '@esbuild/darwin-arm64': [ '0.27.2' ],
207 silly audit   '@esbuild/darwin-x64': [ '0.27.2' ],
207 silly audit   '@esbuild/freebsd-arm64': [ '0.27.2' ],
207 silly audit   '@esbuild/freebsd-x64': [ '0.27.2' ],
207 silly audit   '@esbuild/linux-arm': [ '0.27.2' ],
207 silly audit   '@esbuild/linux-arm64': [ '0.27.2' ],
207 silly audit   '@esbuild/linux-ia32': [ '0.27.2' ],
207 silly audit   '@esbuild/linux-loong64': [ '0.27.2' ],
207 silly audit   '@esbuild/linux-mips64el': [ '0.27.2' ],
207 silly audit   '@esbuild/linux-ppc64': [ '0.27.2' ],
207 silly audit   '@esbuild/linux-riscv64': [ '0.27.2' ],
207 silly audit   '@esbuild/linux-s390x': [ '0.27.2' ],
207 silly audit   '@esbuild/linux-x64': [ '0.27.2' ],
207 silly audit   '@esbuild/netbsd-arm64': [ '0.27.2' ],
207 silly audit   '@esbuild/netbsd-x64': [ '0.27.2' ],
207 silly audit   '@esbuild/openbsd-arm64': [ '0.27.2' ],
207 silly audit   '@esbuild/openbsd-x64': [ '0.27.2' ],
207 silly audit   '@esbuild/openharmony-arm64': [ '0.27.2' ],
207 silly audit   '@esbuild/sunos-x64': [ '0.27.2' ],
207 silly audit   '@esbuild/win32-arm64': [ '0.27.2' ],
207 silly audit   '@esbuild/win32-ia32': [ '0.27.2' ],
207 silly audit   '@esbuild/win32-x64': [ '0.27.2' ],
207 silly audit   '@eslint-community/eslint-utils': [ '4.9.0' ],
207 silly audit   'eslint-visitor-keys': [ '3.4.3', '4.2.1' ],
207 silly audit   '@eslint-community/regexpp': [ '4.12.2' ],
207 silly audit   '@eslint/config-array': [ '0.21.1' ],
207 silly audit   '@eslint/config-helpers': [ '0.4.2' ],
207 silly audit   '@eslint/core': [ '0.17.0' ],
207 silly audit   '@eslint/eslintrc': [ '3.3.3' ],
207 silly audit   '@eslint/js': [ '9.39.2' ],
207 silly audit   '@eslint/object-schema': [ '2.1.7' ],
207 silly audit   '@eslint/plugin-kit': [ '0.4.1' ],
207 silly audit   '@humanfs/core': [ '0.19.1' ],
207 silly audit   '@humanfs/node': [ '0.16.7' ],
207 silly audit   '@humanwhocodes/module-importer': [ '1.0.1' ],
207 silly audit   '@humanwhocodes/retry': [ '0.4.3' ],
207 silly audit   '@img/colour': [ '1.0.0' ],
207 silly audit   '@img/sharp-darwin-arm64': [ '0.34.5' ],
207 silly audit   '@img/sharp-darwin-x64': [ '0.34.5' ],
207 silly audit   '@img/sharp-libvips-darwin-arm64': [ '1.2.4' ],
207 silly audit   '@img/sharp-libvips-darwin-x64': [ '1.2.4' ],
207 silly audit   '@img/sharp-libvips-linux-arm': [ '1.2.4' ],
207 silly audit   '@img/sharp-libvips-linux-arm64': [ '1.2.4' ],
207 silly audit   '@img/sharp-libvips-linux-ppc64': [ '1.2.4' ],
207 silly audit   '@img/sharp-libvips-linux-riscv64': [ '1.2.4' ],
207 silly audit   '@img/sharp-libvips-linux-s390x': [ '1.2.4' ],
207 silly audit   '@img/sharp-libvips-linux-x64': [ '1.2.4' ],
207 silly audit   '@img/sharp-libvips-linuxmusl-arm64': [ '1.2.4' ],
207 silly audit   '@img/sharp-libvips-linuxmusl-x64': [ '1.2.4' ],
207 silly audit   '@img/sharp-linux-arm': [ '0.34.5' ],
207 silly audit   '@img/sharp-linux-arm64': [ '0.34.5' ],
207 silly audit   '@img/sharp-linux-ppc64': [ '0.34.5' ],
207 silly audit   '@img/sharp-linux-riscv64': [ '0.34.5' ],
207 silly audit   '@img/sharp-linux-s390x': [ '0.34.5' ],
207 silly audit   '@img/sharp-linux-x64': [ '0.34.5' ],
207 silly audit   '@img/sharp-linuxmusl-arm64': [ '0.34.5' ],
207 silly audit   '@img/sharp-linuxmusl-x64': [ '0.34.5' ],
207 silly audit   '@img/sharp-wasm32': [ '0.34.5' ],
207 silly audit   '@img/sharp-win32-arm64': [ '0.34.5' ],
207 silly audit   '@img/sharp-win32-ia32': [ '0.34.5' ],
207 silly audit   '@img/sharp-win32-x64': [ '0.34.5' ],
207 silly audit   '@isaacs/fs-minipass': [ '4.0.1' ],
207 silly audit   '@jridgewell/gen-mapping': [ '0.3.13' ],
207 silly audit   '@jridgewell/remapping': [ '2.3.5' ],
207 silly audit   '@jridgewell/resolve-uri': [ '3.1.2' ],
207 silly audit   '@jridgewell/sourcemap-codec': [ '1.5.5' ],
207 silly audit   '@jridgewell/trace-mapping': [ '0.3.31' ],
207 silly audit   '@napi-rs/wasm-runtime': [ '0.2.12', '1.1.0' ],
207 silly audit   '@next/env': [ '16.1.6' ],
207 silly audit   '@next/eslint-plugin-next': [ '16.1.6' ],
207 silly audit   '@next/swc-darwin-arm64': [ '16.1.6' ],
207 silly audit   '@next/swc-darwin-x64': [ '16.1.6' ],
207 silly audit   '@next/swc-linux-arm64-gnu': [ '16.1.6' ],
207 silly audit   '@next/swc-linux-arm64-musl': [ '16.1.6' ],
207 silly audit   '@next/swc-linux-x64-gnu': [ '16.1.6' ],
207 silly audit   '@next/swc-linux-x64-musl': [ '16.1.6' ],
207 silly audit   '@next/swc-win32-arm64-msvc': [ '16.1.6' ],
207 silly audit   '@next/swc-win32-x64-msvc': [ '16.1.6' ],
207 silly audit   '@nodelib/fs.scandir': [ '2.1.5' ],
207 silly audit   '@nodelib/fs.stat': [ '2.0.5' ],
207 silly audit   '@nodelib/fs.walk': [ '1.2.8' ],
207 silly audit   '@nolyfill/is-core-module': [ '1.0.39' ],
207 silly audit   '@rolldown/pluginutils': [ '1.0.0-beta.53' ],
207 silly audit   '@rollup/rollup-android-arm-eabi': [ '4.57.0' ],
207 silly audit   '@rollup/rollup-android-arm64': [ '4.57.0' ],
207 silly audit   '@rollup/rollup-darwin-arm64': [ '4.57.0' ],
207 silly audit   '@rollup/rollup-darwin-x64': [ '4.57.0' ],
207 silly audit   '@rollup/rollup-freebsd-arm64': [ '4.57.0' ],
207 silly audit   '@rollup/rollup-freebsd-x64': [ '4.57.0' ],
207 silly audit   '@rollup/rollup-linux-arm-gnueabihf': [ '4.57.0' ],
207 silly audit   '@rollup/rollup-linux-arm-musleabihf': [ '4.57.0' ],
207 silly audit   '@rollup/rollup-linux-arm64-gnu': [ '4.57.0' ],
207 silly audit   '@rollup/rollup-linux-arm64-musl': [ '4.57.0' ],
207 silly audit   '@rollup/rollup-linux-loong64-gnu': [ '4.57.0' ],
207 silly audit   '@rollup/rollup-linux-loong64-musl': [ '4.57.0' ],
207 silly audit   '@rollup/rollup-linux-ppc64-gnu': [ '4.57.0' ],
207 silly audit   '@rollup/rollup-linux-ppc64-musl': [ '4.57.0' ],
207 silly audit   '@rollup/rollup-linux-riscv64-gnu': [ '4.57.0' ],
207 silly audit   '@rollup/rollup-linux-riscv64-musl': [ '4.57.0' ],
207 silly audit   '@rollup/rollup-linux-s390x-gnu': [ '4.57.0' ],
207 silly audit   '@rollup/rollup-linux-x64-gnu': [ '4.57.0' ],
207 silly audit   '@rollup/rollup-linux-x64-musl': [ '4.57.0' ],
207 silly audit   '@rollup/rollup-openbsd-x64': [ '4.57.0' ],
207 silly audit   '@rollup/rollup-openharmony-arm64': [ '4.57.0' ],
207 silly audit   '@rollup/rollup-win32-arm64-msvc': [ '4.57.0' ],
207 silly audit   '@rollup/rollup-win32-ia32-msvc': [ '4.57.0' ],
207 silly audit   '@rollup/rollup-win32-x64-gnu': [ '4.57.0' ],
207 silly audit   '@rollup/rollup-win32-x64-msvc': [ '4.57.0' ],
207 silly audit   '@rtsao/scc': [ '1.1.0' ],
207 silly audit   '@supabase/auth-js': [ '2.88.0' ],
207 silly audit   '@supabase/functions-js': [ '2.88.0' ],
207 silly audit   '@supabase/postgrest-js': [ '2.88.0' ],
207 silly audit   '@supabase/realtime-js': [ '2.88.0' ],
207 silly audit   '@supabase/storage-js': [ '2.88.0' ],
207 silly audit   '@supabase/supabase-js': [ '2.88.0' ],
207 silly audit   '@swc/helpers': [ '0.5.15' ],
207 silly audit   '@tailwindcss/node': [ '4.1.18' ],
207 silly audit   '@tailwindcss/oxide': [ '4.1.18' ],
207 silly audit   '@tailwindcss/oxide-android-arm64': [ '4.1.18' ],
207 silly audit   '@tailwindcss/oxide-darwin-arm64': [ '4.1.18' ],
207 silly audit   '@tailwindcss/oxide-darwin-x64': [ '4.1.18' ],
207 silly audit   '@tailwindcss/oxide-freebsd-x64': [ '4.1.18' ],
207 silly audit   '@tailwindcss/oxide-linux-arm-gnueabihf': [ '4.1.18' ],
207 silly audit   '@tailwindcss/oxide-linux-arm64-gnu': [ '4.1.18' ],
207 silly audit   '@tailwindcss/oxide-linux-arm64-musl': [ '4.1.18' ],
207 silly audit   '@tailwindcss/oxide-linux-x64-gnu': [ '4.1.18' ],
207 silly audit   '@tailwindcss/oxide-linux-x64-musl': [ '4.1.18' ],
207 silly audit   '@tailwindcss/oxide-wasm32-wasi': [ '4.1.18' ],
207 silly audit   '@tybys/wasm-util': [ '0.10.1' ],
207 silly audit   tslib: [ '2.8.1' ],
207 silly audit   '@tailwindcss/oxide-win32-arm64-msvc': [ '4.1.18' ],
207 silly audit   '@tailwindcss/oxide-win32-x64-msvc': [ '4.1.18' ],
207 silly audit   '@tailwindcss/postcss': [ '4.1.18' ],
207 silly audit   '@testing-library/dom': [ '10.4.1' ],
207 silly audit   'aria-query': [ '5.3.0', '5.3.2' ],
207 silly audit   '@testing-library/jest-dom': [ '6.9.1' ],
207 silly audit   'dom-accessibility-api': [ '0.6.3', '0.5.16' ],
207 silly audit   '@testing-library/react': [ '16.3.2' ],
207 silly audit   '@types/aria-query': [ '5.0.4' ],
207 silly audit   '@types/babel__core': [ '7.20.5' ],
207 silly audit   '@types/babel__generator': [ '7.27.0' ],
207 silly audit   '@types/babel__template': [ '7.4.4' ],
207 silly audit   '@types/babel__traverse': [ '7.28.0' ],
207 silly audit   '@types/chai': [ '5.2.3' ],
207 silly audit   '@types/deep-eql': [ '4.0.2' ],
207 silly audit   '@types/estree': [ '1.0.8' ],
207 silly audit   '@types/json-schema': [ '7.0.15' ],
207 silly audit   '@types/json5': [ '0.0.29' ],
207 silly audit   '@types/node': [ '20.19.27' ],
207 silly audit   '@types/pako': [ '2.0.4' ],
207 silly audit   '@types/phoenix': [ '1.6.7' ],
207 silly audit   '@types/raf': [ '3.4.3' ],
207 silly audit   '@types/react': [ '19.2.7' ],
207 silly audit   '@types/react-dom': [ '19.2.3' ],
207 silly audit   '@types/trusted-types': [ '2.0.7' ],
207 silly audit   '@types/ws': [ '8.18.1' ],
207 silly audit   '@typescript-eslint/eslint-plugin': [ '8.50.0' ],
207 silly audit   ignore: [ '7.0.5', '5.3.2' ],
207 silly audit   '@typescript-eslint/parser': [ '8.50.0' ],
207 silly audit   '@typescript-eslint/project-service': [ '8.50.0' ],
207 silly audit   '@typescript-eslint/scope-manager': [ '8.50.0' ],
207 silly audit   '@typescript-eslint/tsconfig-utils': [ '8.50.0' ],
207 silly audit   '@typescript-eslint/type-utils': [ '8.50.0' ],
207 silly audit   '@typescript-eslint/types': [ '8.50.0' ],
207 silly audit   '@typescript-eslint/typescript-estree': [ '8.50.0' ],
207 silly audit   'brace-expansion': [ '2.0.2', '1.1.12' ],
207 silly audit   minimatch: [ '9.0.5', '3.1.2' ],
207 silly audit   semver: [ '7.7.3', '6.3.1' ],
207 silly audit   '@typescript-eslint/utils': [ '8.50.0' ],
207 silly audit   '@typescript-eslint/visitor-keys': [ '8.50.0' ],
207 silly audit   '@unrs/resolver-binding-android-arm-eabi': [ '1.11.1' ],
207 silly audit   '@unrs/resolver-binding-android-arm64': [ '1.11.1' ],
207 silly audit   '@unrs/resolver-binding-darwin-arm64': [ '1.11.1' ],
207 silly audit   '@unrs/resolver-binding-darwin-x64': [ '1.11.1' ],
207 silly audit   '@unrs/resolver-binding-freebsd-x64': [ '1.11.1' ],
207 silly audit   '@unrs/resolver-binding-linux-arm-gnueabihf': [ '1.11.1' ],
207 silly audit   '@unrs/resolver-binding-linux-arm-musleabihf': [ '1.11.1' ],
207 silly audit   '@unrs/resolver-binding-linux-arm64-gnu': [ '1.11.1' ],
207 silly audit   '@unrs/resolver-binding-linux-arm64-musl': [ '1.11.1' ],
207 silly audit   '@unrs/resolver-binding-linux-ppc64-gnu': [ '1.11.1' ],
207 silly audit   '@unrs/resolver-binding-linux-riscv64-gnu': [ '1.11.1' ],
207 silly audit   '@unrs/resolver-binding-linux-riscv64-musl': [ '1.11.1' ],
207 silly audit   '@unrs/resolver-binding-linux-s390x-gnu': [ '1.11.1' ],
207 silly audit   '@unrs/resolver-binding-linux-x64-gnu': [ '1.11.1' ],
207 silly audit   '@unrs/resolver-binding-linux-x64-musl': [ '1.11.1' ],
207 silly audit   '@unrs/resolver-binding-wasm32-wasi': [ '1.11.1' ],
207 silly audit   '@unrs/resolver-binding-win32-arm64-msvc': [ '1.11.1' ],
207 silly audit   '@unrs/resolver-binding-win32-ia32-msvc': [ '1.11.1' ],
207 silly audit   '@unrs/resolver-binding-win32-x64-msvc': [ '1.11.1' ],
207 silly audit   '@vitejs/plugin-react': [ '5.1.2' ],
207 silly audit   '@vitest/expect': [ '3.2.4' ],
207 silly audit   '@vitest/mocker': [ '3.2.4' ],
207 silly audit   '@vitest/pretty-format': [ '3.2.4' ],
207 silly audit   '@vitest/runner': [ '3.2.4' ],
207 silly audit   '@vitest/snapshot': [ '3.2.4' ],
207 silly audit   '@vitest/spy': [ '3.2.4' ],
207 silly audit   '@vitest/utils': [ '3.2.4' ],
207 silly audit   acorn: [ '8.15.0' ],
207 silly audit   'acorn-jsx': [ '5.3.2' ],
207 silly audit   'agent-base': [ '7.1.4' ],
207 silly audit   ajv: [ '6.12.6' ],
207 silly audit   'ansi-regex': [ '5.0.1', '6.2.2' ],
207 silly audit   'ansi-styles': [ '4.3.0', '5.2.0' ],
207 silly audit   argparse: [ '2.0.1' ],
207 silly audit   'array-buffer-byte-length': [ '1.0.2' ],
207 silly audit   'array-includes': [ '3.1.9' ],
207 silly audit   'array.prototype.findlast': [ '1.2.5' ],
207 silly audit   'array.prototype.findlastindex': [ '1.2.6' ],
207 silly audit   'array.prototype.flat': [ '1.3.3' ],
207 silly audit   'array.prototype.flatmap': [ '1.3.3' ],
207 silly audit   'array.prototype.tosorted': [ '1.1.4' ],
207 silly audit   'arraybuffer.prototype.slice': [ '1.0.4' ],
207 silly audit   'assertion-error': [ '2.0.1' ],
207 silly audit   'ast-types-flow': [ '0.0.8' ],
207 silly audit   'async-function': [ '1.0.0' ],
207 silly audit   asynckit: [ '0.4.0' ],
207 silly audit   'available-typed-arrays': [ '1.0.7' ],
207 silly audit   'axe-core': [ '4.11.0' ],
207 silly audit   'axobject-query': [ '4.1.0' ],
207 silly audit   'balanced-match': [ '1.0.2' ],
207 silly audit   'base64-arraybuffer': [ '1.0.2' ],
207 silly audit   'baseline-browser-mapping': [ '2.9.8' ],
207 silly audit   'bin-links': [ '6.0.0' ],
207 silly audit   braces: [ '3.0.3' ],
207 silly audit   browserslist: [ '4.28.1' ],
207 silly audit   cac: [ '6.7.14' ],
207 silly audit   'call-bind': [ '1.0.8' ],
207 silly audit   'call-bind-apply-helpers': [ '1.0.2' ],
207 silly audit   'call-bound': [ '1.0.4' ],
207 silly audit   callsites: [ '3.1.0' ],
207 silly audit   'caniuse-lite': [ '1.0.30001760' ],
207 silly audit   canvg: [ '3.0.11' ],
207 silly audit   chai: [ '5.3.3' ],
207 silly audit   chalk: [ '4.1.2', '5.6.2' ],
207 silly audit   'check-error': [ '2.1.3' ],
207 silly audit   chownr: [ '3.0.0' ],
207 silly audit   'class-variance-authority': [ '0.7.1' ],
207 silly audit   'client-only': [ '0.0.1' ],
207 silly audit   clsx: [ '2.1.1' ],
207 silly audit   'cmd-shim': [ '8.0.0' ],
207 silly audit   'color-convert': [ '2.0.1' ],
207 silly audit   'color-name': [ '1.1.4' ],
207 silly audit   'combined-stream': [ '1.0.8' ],
207 silly audit   'concat-map': [ '0.0.1' ],
207 silly audit   'convert-source-map': [ '2.0.0' ],
207 silly audit   'core-js': [ '3.47.0' ],
207 silly audit   'cross-spawn': [ '7.0.6' ],
207 silly audit   'css-line-break': [ '2.1.0' ],
207 silly audit   'css.escape': [ '1.5.1' ],
207 silly audit   cssstyle: [ '4.6.0' ],
207 silly audit   'rrweb-cssom': [ '0.8.0', '0.7.1' ],
207 silly audit   csstype: [ '3.2.3' ],
207 silly audit   'damerau-levenshtein': [ '1.0.8' ],
207 silly audit   'data-uri-to-buffer': [ '4.0.1' ],
207 silly audit   'data-urls': [ '5.0.0' ],
207 silly audit   'data-view-buffer': [ '1.0.2' ],
207 silly audit   'data-view-byte-length': [ '1.0.2' ],
207 silly audit   'data-view-byte-offset': [ '1.0.1' ],
207 silly audit   debug: [ '4.4.3', '3.2.7' ],
207 silly audit   'decimal.js': [ '10.6.0' ],
207 silly audit   'deep-eql': [ '5.0.2' ],
207 silly audit   'deep-is': [ '0.1.4' ],
207 silly audit   'define-data-property': [ '1.1.4' ],
207 silly audit   'define-properties': [ '1.2.1' ],
207 silly audit   'delayed-stream': [ '1.0.0' ],
207 silly audit   dequal: [ '2.0.3' ],
207 silly audit   'detect-libc': [ '2.1.2' ],
207 silly audit   doctrine: [ '2.1.0' ],
207 silly audit   dompurify: [ '3.3.1' ],
207 silly audit   'dunder-proto': [ '1.0.1' ],
207 silly audit   'electron-to-chromium': [ '1.5.267' ],
207 silly audit   'emoji-regex': [ '9.2.2', '10.6.0', '8.0.0' ],
207 silly audit   'enhanced-resolve': [ '5.18.4' ],
207 silly audit   entities: [ '6.0.1' ],
207 silly audit   'es-abstract': [ '1.24.1' ],
207 silly audit   'es-define-property': [ '1.0.1' ],
207 silly audit   'es-errors': [ '1.3.0' ],
207 silly audit   'es-iterator-helpers': [ '1.2.2' ],
207 silly audit   'es-module-lexer': [ '1.7.0' ],
207 silly audit   'es-object-atoms': [ '1.1.1' ],
207 silly audit   'es-set-tostringtag': [ '2.1.0' ],
207 silly audit   'es-shim-unscopables': [ '1.1.0' ],
207 silly audit   'es-to-primitive': [ '1.3.0' ],
207 silly audit   'es6-object-assign': [ '1.1.0' ],
207 silly audit   esbuild: [ '0.27.2' ],
207 silly audit   escalade: [ '3.2.0' ],
207 silly audit   'escape-string-regexp': [ '4.0.0' ],
207 silly audit   eslint: [ '9.39.2' ],
207 silly audit   'eslint-config-next': [ '16.1.6' ],
207 silly audit   globals: [ '16.4.0', '14.0.0' ],
207 silly audit   'eslint-import-resolver-node': [ '0.3.9' ],
207 silly audit   'eslint-import-resolver-typescript': [ '3.10.1' ],
207 silly audit   'eslint-module-utils': [ '2.12.1' ],
207 silly audit   'eslint-plugin-import': [ '2.32.0' ],
207 silly audit   'eslint-plugin-jsx-a11y': [ '6.10.2' ],
207 silly audit   'eslint-plugin-react': [ '7.37.5' ],
207 silly audit   'eslint-plugin-react-hooks': [ '7.0.1' ],
207 silly audit   resolve: [ '2.0.0-next.5', '1.22.11' ],
207 silly audit   'eslint-scope': [ '8.4.0' ],
207 silly audit   espree: [ '10.4.0' ],
207 silly audit   esquery: [ '1.6.0' ],
207 silly audit   esrecurse: [ '4.3.0' ],
207 silly audit   estraverse: [ '5.3.0' ],
207 silly audit   'estree-walker': [ '3.0.3' ],
207 silly audit   esutils: [ '2.0.3' ],
207 silly audit   'expect-type': [ '1.3.0' ],
207 silly audit   'fast-deep-equal': [ '3.1.3' ],
207 silly audit   'fast-glob': [ '3.3.1' ],
207 silly audit   'glob-parent': [ '5.1.2', '6.0.2' ],
207 silly audit   'fast-json-stable-stringify': [ '2.1.0' ],
207 silly audit   'fast-levenshtein': [ '2.0.6' ],
207 silly audit   'fast-png': [ '6.4.0' ],
207 silly audit   fastq: [ '1.20.1' ],
207 silly audit   'fetch-blob': [ '3.2.0' ],
207 silly audit   fflate: [ '0.8.2' ],
207 silly audit   'file-entry-cache': [ '8.0.0' ],
207 silly audit   'fill-range': [ '7.1.1' ],
207 silly audit   'find-up': [ '5.0.0' ],
207 silly audit   'flat-cache': [ '4.0.1' ],
207 silly audit   flatted: [ '3.3.3' ],
207 silly audit   'for-each': [ '0.3.5' ],
207 silly audit   'form-data': [ '4.0.5' ],
207 silly audit   'formdata-polyfill': [ '4.0.10' ],
207 silly audit   fsevents: [ '2.3.3' ],
207 silly audit   'function-bind': [ '1.1.2' ],
207 silly audit   'function.prototype.name': [ '1.1.8' ],
207 silly audit   'functions-have-names': [ '1.2.3' ],
207 silly audit   'generator-function': [ '2.0.1' ],
207 silly audit   gensync: [ '1.0.0-beta.2' ],
207 silly audit   'get-intrinsic': [ '1.3.0' ],
207 silly audit   'get-proto': [ '1.0.1' ],
207 silly audit   'get-symbol-description': [ '1.1.0' ],
207 silly audit   'get-tsconfig': [ '4.13.0' ],
207 silly audit   globalthis: [ '1.0.4' ],
207 silly audit   gopd: [ '1.2.0' ],
207 silly audit   'graceful-fs': [ '4.2.11' ],
207 silly audit   'has-bigints': [ '1.1.0' ],
207 silly audit   'has-flag': [ '4.0.0' ],
207 silly audit   'has-property-descriptors': [ '1.0.2' ],
207 silly audit   'has-proto': [ '1.2.0' ],
207 silly audit   'has-symbols': [ '1.1.0' ],
207 silly audit   'has-tostringtag': [ '1.0.2' ],
207 silly audit   hasown: [ '2.0.2' ],
207 silly audit   'hermes-estree': [ '0.25.1' ],
207 silly audit   'hermes-parser': [ '0.25.1' ],
207 silly audit   'html-encoding-sniffer': [ '4.0.0' ],
207 silly audit   html2canvas: [ '1.4.1' ],
207 silly audit   'http-proxy-agent': [ '7.0.2' ],
207 silly audit   'https-proxy-agent': [ '7.0.6' ],
207 silly audit   'iceberg-js': [ '0.8.1' ],
207 silly audit   'iconv-lite': [ '0.6.3' ],
207 silly audit   'import-fresh': [ '3.3.1' ],
207 silly audit   imurmurhash: [ '0.1.4' ],
207 silly audit   'indent-string': [ '4.0.0' ],
207 silly audit   'internal-slot': [ '1.1.0' ],
207 silly audit   iobuffer: [ '5.4.0' ],
207 silly audit   'is-array-buffer': [ '3.0.5' ],
207 silly audit   'is-async-function': [ '2.1.1' ],
207 silly audit   'is-bigint': [ '1.1.0' ],
207 silly audit   'is-boolean-object': [ '1.2.2' ],
207 silly audit   'is-bun-module': [ '2.0.0' ],
207 silly audit   'is-callable': [ '1.2.7' ],
207 silly audit   'is-core-module': [ '2.16.1' ],
207 silly audit   'is-data-view': [ '1.0.2' ],
207 silly audit   'is-date-object': [ '1.1.0' ],
207 silly audit   'is-extglob': [ '2.1.1' ],
207 silly audit   'is-finalizationregistry': [ '1.1.1' ],
207 silly audit   'is-generator-function': [ '1.1.2' ],
207 silly audit   'is-glob': [ '4.0.3' ],
207 silly audit   'is-map': [ '2.0.3' ],
207 silly audit   'is-negative-zero': [ '2.0.3' ],
207 silly audit   'is-number': [ '7.0.0' ],
207 silly audit   'is-number-object': [ '1.1.1' ],
207 silly audit   'is-potential-custom-element-name': [ '1.0.1' ],
207 silly audit   'is-regex': [ '1.2.1' ],
207 silly audit   'is-set': [ '2.0.3' ],
207 silly audit   'is-shared-array-buffer': [ '1.0.4' ],
207 silly audit   'is-string': [ '1.1.1' ],
207 silly audit   'is-symbol': [ '1.1.1' ],
207 silly audit   'is-typed-array': [ '1.1.15' ],
207 silly audit   'is-weakmap': [ '2.0.2' ],
207 silly audit   'is-weakref': [ '1.1.1' ],
207 silly audit   'is-weakset': [ '2.0.4' ],
207 silly audit   isarray: [ '2.0.5' ],
207 silly audit   isexe: [ '2.0.0' ],
207 silly audit   'iterator.prototype': [ '1.1.5' ],
207 silly audit   jiti: [ '2.6.1' ],
207 silly audit   'js-tokens': [ '4.0.0', '9.0.1' ],
207 silly audit   'js-yaml': [ '4.1.1' ],
207 silly audit   jsdom: [ '25.0.1' ],
207 silly audit   jsesc: [ '3.1.0' ],
207 silly audit   'json-buffer': [ '3.0.1' ],
207 silly audit   'json-schema-traverse': [ '0.4.1' ],
207 silly audit   'json-stable-stringify-without-jsonify': [ '1.0.1' ],
207 silly audit   json5: [ '2.2.3', '1.0.2' ],
207 silly audit   jspdf: [ '4.0.0' ],
207 silly audit   'jsx-ast-utils': [ '3.3.5' ],
207 silly audit   keyv: [ '4.5.4' ],
207 silly audit   'language-subtag-registry': [ '0.3.23' ],
207 silly audit   'language-tags': [ '1.0.9' ],
207 silly audit   levn: [ '0.4.1' ],
207 silly audit   lightningcss: [ '1.30.2' ],
207 silly audit   'lightningcss-android-arm64': [ '1.30.2' ],
207 silly audit   'lightningcss-darwin-arm64': [ '1.30.2' ],
207 silly audit   'lightningcss-darwin-x64': [ '1.30.2' ],
207 silly audit   'lightningcss-freebsd-x64': [ '1.30.2' ],
207 silly audit   'lightningcss-linux-arm-gnueabihf': [ '1.30.2' ],
207 silly audit   'lightningcss-linux-arm64-gnu': [ '1.30.2' ],
207 silly audit   'lightningcss-linux-arm64-musl': [ '1.30.2' ],
207 silly audit   'lightningcss-linux-x64-gnu': [ '1.30.2' ],
207 silly audit   'lightningcss-linux-x64-musl': [ '1.30.2' ],
207 silly audit   'lightningcss-win32-arm64-msvc': [ '1.30.2' ],
207 silly audit   'lightningcss-win32-x64-msvc': [ '1.30.2' ],
207 silly audit   'locate-path': [ '6.0.0' ],
207 silly audit   'lodash.merge': [ '4.6.2' ],
207 silly audit   'loose-envify': [ '1.4.0' ],
207 silly audit   loupe: [ '3.2.1' ],
207 silly audit   'lucide-react': [ '0.562.0' ],
207 silly audit   'lz-string': [ '1.5.0' ],
207 silly audit   'magic-string': [ '0.30.21' ],
207 silly audit   'math-intrinsics': [ '1.1.0' ],
207 silly audit   merge2: [ '1.4.1' ],
207 silly audit   micromatch: [ '4.0.8' ],
207 silly audit   'mime-db': [ '1.52.0' ],
207 silly audit   'mime-types': [ '2.1.35' ],
207 silly audit   'min-indent': [ '1.0.1' ],
207 silly audit   minimist: [ '1.2.8' ],
207 silly audit   minipass: [ '7.1.2' ],
207 silly audit   minizlib: [ '3.1.0' ],
207 silly audit   ms: [ '2.1.3' ],
207 silly audit   nanoid: [ '3.3.11' ],
207 silly audit   'napi-postinstall': [ '0.3.4' ],
207 silly audit   'natural-compare': [ '1.4.0' ],
207 silly audit   next: [ '16.1.6' ],
207 silly audit   postcss: [ '8.4.31', '8.5.6' ],
207 silly audit   'node-domexception': [ '1.0.0' ],
207 silly audit   'node-fetch': [ '3.3.2', '2.7.0' ],
207 silly audit   'node-releases': [ '2.0.27' ],
207 silly audit   'npm-normalize-package-bin': [ '5.0.0' ],
207 silly audit   nwsapi: [ '2.2.23' ],
207 silly audit   'object-assign': [ '4.1.1' ],
207 silly audit   'object-inspect': [ '1.13.4' ],
207 silly audit   'object-keys': [ '1.1.1' ],
207 silly audit   'object.assign': [ '4.1.7' ],
207 silly audit   'object.entries': [ '1.1.9' ],
207 silly audit   'object.fromentries': [ '2.0.8' ],
207 silly audit   'object.groupby': [ '1.0.3' ],
207 silly audit   'object.values': [ '1.2.1' ],
207 silly audit   optionator: [ '0.9.4' ],
207 silly audit   'own-keys': [ '1.0.1' ],
207 silly audit   'p-limit': [ '3.1.0' ],
207 silly audit   'p-locate': [ '5.0.0' ],
207 silly audit   pako: [ '2.1.0' ],
207 silly audit   'parent-module': [ '1.0.1' ],
207 silly audit   parse5: [ '7.3.0' ],
207 silly audit   'path-exists': [ '4.0.0' ],
207 silly audit   'path-key': [ '3.1.1' ],
207 silly audit   'path-parse': [ '1.0.7' ],
207 silly audit   pathe: [ '2.0.3' ],
207 silly audit   pathval: [ '2.0.1' ],
207 silly audit   'performance-now': [ '2.1.0' ],
207 silly audit   picocolors: [ '1.1.1' ],
207 silly audit   picomatch: [ '2.3.1', '4.0.3' ],
207 silly audit   'possible-typed-array-names': [ '1.1.0' ],
207 silly audit   'prelude-ls': [ '1.2.1' ],
207 silly audit   'pretty-format': [ '27.5.1' ],
207 silly audit   'react-is': [ '17.0.2', '16.13.1' ],
207 silly audit   'proc-log': [ '6.1.0' ],
207 silly audit   'promise-polyfill': [ '6.1.0' ],
207 silly audit   'prop-types': [ '15.8.1' ],
207 silly audit   punycode: [ '2.3.1' ],
207 silly audit   'queue-microtask': [ '1.2.3' ],
207 silly audit   raf: [ '3.4.1' ],
207 silly audit   react: [ '19.2.1' ],
207 silly audit   'react-dom': [ '19.2.1' ],
207 silly audit   'react-refresh': [ '0.18.0' ],
207 silly audit   'read-cmd-shim': [ '6.0.0' ],
207 silly audit   redent: [ '3.0.0' ],
207 silly audit   'reflect.getprototypeof': [ '1.0.10' ],
207 silly audit   'regenerator-runtime': [ '0.13.11' ],
207 silly audit   'regexp.prototype.flags': [ '1.5.4' ],
207 silly audit   'resolve-from': [ '4.0.0' ],
207 silly audit   'resolve-pkg-maps': [ '1.0.0' ],
207 silly audit   reusify: [ '1.1.0' ],
207 silly audit   rgbcolor: [ '1.0.1' ],
207 silly audit   rollup: [ '4.57.0' ],
207 silly audit   'run-parallel': [ '1.2.0' ],
207 silly audit   'safe-array-concat': [ '1.1.3' ],
207 silly audit   'safe-push-apply': [ '1.0.0' ],
207 silly audit   'safe-regex-test': [ '1.1.0' ],
207 silly audit   'safer-buffer': [ '2.1.2' ],
207 silly audit   saxes: [ '6.0.0' ],
207 silly audit   scheduler: [ '0.27.0' ],
207 silly audit   'set-function-length': [ '1.2.2' ],
207 silly audit   'set-function-name': [ '2.0.2' ],
207 silly audit   'set-proto': [ '1.0.0' ],
207 silly audit   sharp: [ '0.34.5' ],
207 silly audit   'shebang-command': [ '2.0.0' ],
207 silly audit   'shebang-regex': [ '3.0.0' ],
207 silly audit   'side-channel': [ '1.1.0' ],
207 silly audit   'side-channel-list': [ '1.0.0' ],
207 silly audit   'side-channel-map': [ '1.0.1' ],
207 silly audit   'side-channel-weakmap': [ '1.0.2' ],
207 silly audit   siginfo: [ '2.0.0' ],
207 silly audit   'signal-exit': [ '4.1.0' ],
207 silly audit   'source-map-js': [ '1.2.1' ],
207 silly audit   'stable-hash': [ '0.0.5' ],
207 silly audit   stackback: [ '0.0.2' ],
207 silly audit   'stackblur-canvas': [ '2.7.0' ],
207 silly audit   'std-env': [ '3.10.0' ],
207 silly audit   'stop-iteration-iterator': [ '1.1.0' ],
207 silly audit   'string.prototype.includes': [ '2.0.1' ],
207 silly audit   'string.prototype.matchall': [ '4.0.12' ],
207 silly audit   'string.prototype.repeat': [ '1.0.0' ],
207 silly audit   'string.prototype.trim': [ '1.2.10' ],
207 silly audit   'string.prototype.trimend': [ '1.0.9' ],
207 silly audit   'string.prototype.trimstart': [ '1.0.8' ],
207 silly audit   'strip-bom': [ '3.0.0' ],
207 silly audit   'strip-indent': [ '3.0.0' ],
207 silly audit   'strip-json-comments': [ '3.1.1' ],
207 silly audit   'strip-literal': [ '3.1.0' ],
207 silly audit   'styled-jsx': [ '5.1.6' ],
207 silly audit   supabase: [ '2.72.9' ],
207 silly audit   'supports-color': [ '7.2.0' ],
207 silly audit   'supports-preserve-symlinks-flag': [ '1.0.0' ],
207 silly audit   'svg-pathdata': [ '6.0.3' ],
207 silly audit   sweetalert: [ '2.1.2' ],
207 silly audit   sweetalert2: [ '11.26.10' ],
207 silly audit   'symbol-tree': [ '3.2.4' ],
207 silly audit   'tailwind-merge': [ '3.4.0' ],
207 silly audit   tailwindcss: [ '4.1.18' ],
207 silly audit   tapable: [ '2.3.0' ],
207 silly audit   tar: [ '7.5.7' ],
207 silly audit   yallist: [ '5.0.0', '3.1.1' ],
207 silly audit   'text-segmentation': [ '1.0.3' ],
207 silly audit   tinybench: [ '2.9.0' ],
207 silly audit   tinyexec: [ '0.3.2' ],
207 silly audit   tinyglobby: [ '0.2.15' ],
207 silly audit   fdir: [ '6.5.0' ],
207 silly audit   tinypool: [ '1.1.1' ],
207 silly audit   tinyrainbow: [ '2.0.0' ],
207 silly audit   tinyspy: [ '4.0.4' ],
207 silly audit   tldts: [ '6.1.86' ],
207 silly audit   'tldts-core': [ '6.1.86' ],
207 silly audit   'to-regex-range': [ '5.0.1' ],
207 silly audit   'tough-cookie': [ '5.1.2' ],
207 silly audit   tr46: [ '5.1.1', '0.0.3' ],
207 silly audit   'ts-api-utils': [ '2.1.0' ],
207 silly audit   'tsconfig-paths': [ '3.15.0' ],
207 silly audit   'tw-animate-css': [ '1.4.0' ],
207 silly audit   'type-check': [ '0.4.0' ],
207 silly audit   'typed-array-buffer': [ '1.0.3' ],
207 silly audit   'typed-array-byte-length': [ '1.0.3' ],
207 silly audit   'typed-array-byte-offset': [ '1.0.4' ],
207 silly audit   'typed-array-length': [ '1.0.7' ],
207 silly audit   typescript: [ '5.9.3' ],
207 silly audit   'typescript-eslint': [ '8.50.0' ],
207 silly audit   'unbox-primitive': [ '1.1.0' ],
207 silly audit   'undici-types': [ '6.21.0' ],
207 silly audit   'unrs-resolver': [ '1.11.1' ],
207 silly audit   'update-browserslist-db': [ '1.2.3' ],
207 silly audit   'uri-js': [ '4.4.1' ],
207 silly audit   utrie: [ '1.0.2' ],
207 silly audit   vite: [ '7.3.1' ],
207 silly audit   'vite-node': [ '3.2.4' ],
207 silly audit   vitest: [ '3.2.4' ],
207 silly audit   'w3c-xmlserializer': [ '5.0.0' ],
207 silly audit   'web-streams-polyfill': [ '3.3.3' ],
207 silly audit   'webidl-conversions': [ '7.0.0', '3.0.1' ],
207 silly audit   'whatwg-encoding': [ '3.1.1' ],
207 silly audit   'whatwg-mimetype': [ '4.0.0' ],
207 silly audit   'whatwg-url': [ '14.2.0', '5.0.0' ],
207 silly audit   which: [ '2.0.2' ],
207 silly audit   'which-boxed-primitive': [ '1.1.1' ],
207 silly audit   'which-builtin-type': [ '1.2.1' ],
207 silly audit   'which-collection': [ '1.0.2' ],
207 silly audit   'which-typed-array': [ '1.1.19' ],
207 silly audit   'why-is-node-running': [ '2.3.0' ],
207 silly audit   'word-wrap': [ '1.2.5' ],
207 silly audit   'write-file-atomic': [ '7.0.0' ],
207 silly audit   ws: [ '8.18.3' ],
207 silly audit   'xml-name-validator': [ '5.0.0' ],
207 silly audit   xmlchars: [ '2.2.0' ],
207 silly audit   'yocto-queue': [ '0.1.0' ],
207 silly audit   zod: [ '4.2.1' ],
207 silly audit   'zod-validation-error': [ '4.0.2' ],
207 silly audit   context7: [ '1.0.3' ],
207 silly audit   ora: [ '8.2.0' ],
207 silly audit   yargs: [ '17.7.2' ],
207 silly audit   'cli-cursor': [ '5.0.0' ],
207 silly audit   'cli-spinners': [ '2.9.2' ],
207 silly audit   'is-interactive': [ '2.0.0' ],
207 silly audit   'is-unicode-supported': [ '2.1.0', '1.3.0' ],
207 silly audit   'log-symbols': [ '6.0.0' ],
207 silly audit   'stdin-discarder': [ '0.2.2' ],
207 silly audit   'string-width': [ '7.2.0', '4.2.3' ],
207 silly audit   'strip-ansi': [ '7.2.0', '6.0.1' ],
207 silly audit   'restore-cursor': [ '5.1.0' ],
207 silly audit   onetime: [ '7.0.0' ],
207 silly audit   'mimic-function': [ '5.0.1' ],
207 silly audit   'get-east-asian-width': [ '1.5.0' ],
207 silly audit   cliui: [ '8.0.1' ],
207 silly audit   'get-caller-file': [ '2.0.5' ],
207 silly audit   'require-directory': [ '2.1.1' ],
207 silly audit   y18n: [ '5.0.8' ],
207 silly audit   'yargs-parser': [ '21.1.1' ],
207 silly audit   'wrap-ansi': [ '7.0.0' ],
207 silly audit   'is-fullwidth-code-point': [ '3.0.0' ]
207 silly audit }
208 http cache is-fullwidth-code-point@https://registry.npmjs.org/is-fullwidth-code-point/-/is-fullwidth-code-point-3.0.0.tgz 0ms (cache hit)
209 http cache yargs-parser@https://registry.npmjs.org/yargs-parser/-/yargs-parser-21.1.1.tgz 0ms (cache hit)
210 http cache wrap-ansi@https://registry.npmjs.org/wrap-ansi/-/wrap-ansi-7.0.0.tgz 0ms (cache hit)
211 http cache y18n@https://registry.npmjs.org/y18n/-/y18n-5.0.8.tgz 0ms (cache hit)
212 http cache require-directory@https://registry.npmjs.org/require-directory/-/require-directory-2.1.1.tgz 0ms (cache hit)
213 http cache cliui@https://registry.npmjs.org/cliui/-/cliui-8.0.1.tgz 0ms (cache hit)
214 http cache get-east-asian-width@https://registry.npmjs.org/get-east-asian-width/-/get-east-asian-width-1.5.0.tgz 0ms (cache hit)
215 http cache get-caller-file@https://registry.npmjs.org/get-caller-file/-/get-caller-file-2.0.5.tgz 0ms (cache hit)
216 http cache onetime@https://registry.npmjs.org/onetime/-/onetime-7.0.0.tgz 0ms (cache hit)
217 http cache restore-cursor@https://registry.npmjs.org/restore-cursor/-/restore-cursor-5.1.0.tgz 0ms (cache hit)
218 http cache string-width@https://registry.npmjs.org/string-width/-/string-width-7.2.0.tgz 0ms (cache hit)
219 http cache mimic-function@https://registry.npmjs.org/mimic-function/-/mimic-function-5.0.1.tgz 0ms (cache hit)
220 http cache stdin-discarder@https://registry.npmjs.org/stdin-discarder/-/stdin-discarder-0.2.2.tgz 0ms (cache hit)
221 http cache cli-spinners@https://registry.npmjs.org/cli-spinners/-/cli-spinners-2.9.2.tgz 0ms (cache hit)
222 http cache is-unicode-supported@https://registry.npmjs.org/is-unicode-supported/-/is-unicode-supported-2.1.0.tgz 0ms (cache hit)
223 http cache strip-ansi@https://registry.npmjs.org/strip-ansi/-/strip-ansi-7.2.0.tgz 0ms (cache hit)
224 http cache is-interactive@https://registry.npmjs.org/is-interactive/-/is-interactive-2.0.0.tgz 0ms (cache hit)
225 http cache log-symbols@https://registry.npmjs.org/log-symbols/-/log-symbols-6.0.0.tgz 0ms (cache hit)
226 http cache cli-cursor@https://registry.npmjs.org/cli-cursor/-/cli-cursor-5.0.0.tgz 0ms (cache hit)
227 http cache yargs@https://registry.npmjs.org/yargs/-/yargs-17.7.2.tgz 0ms (cache hit)
228 http cache context7@https://registry.npmjs.org/context7/-/context7-1.0.3.tgz 0ms (cache hit)
229 http cache ora@https://registry.npmjs.org/ora/-/ora-8.2.0.tgz 0ms (cache hit)
230 http cache emoji-regex@https://registry.npmjs.org/emoji-regex/-/emoji-regex-8.0.0.tgz 0ms (cache hit)
231 http cache strip-ansi@https://registry.npmjs.org/strip-ansi/-/strip-ansi-6.0.1.tgz 0ms (cache hit)
232 http cache ansi-regex@https://registry.npmjs.org/ansi-regex/-/ansi-regex-6.2.2.tgz 0ms (cache hit)
233 http cache string-width@https://registry.npmjs.org/string-width/-/string-width-4.2.3.tgz 0ms (cache hit)
234 http cache emoji-regex@https://registry.npmjs.org/emoji-regex/-/emoji-regex-8.0.0.tgz 0ms (cache hit)
235 http cache emoji-regex@https://registry.npmjs.org/emoji-regex/-/emoji-regex-10.6.0.tgz 0ms (cache hit)
236 http cache string-width@https://registry.npmjs.org/string-width/-/string-width-4.2.3.tgz 0ms (cache hit)
237 http cache strip-ansi@https://registry.npmjs.org/strip-ansi/-/strip-ansi-6.0.1.tgz 0ms (cache hit)
238 http cache strip-ansi@https://registry.npmjs.org/strip-ansi/-/strip-ansi-6.0.1.tgz 0ms (cache hit)
239 http cache chalk@https://registry.npmjs.org/chalk/-/chalk-5.6.2.tgz 0ms (cache hit)
240 http cache is-unicode-supported@https://registry.npmjs.org/is-unicode-supported/-/is-unicode-supported-1.3.0.tgz 0ms (cache hit)
241 http cache string-width@https://registry.npmjs.org/string-width/-/string-width-4.2.3.tgz 0ms (cache hit)
242 http cache emoji-regex@https://registry.npmjs.org/emoji-regex/-/emoji-regex-8.0.0.tgz 0ms (cache hit)
243 http cache chalk@https://registry.npmjs.org/chalk/-/chalk-5.6.2.tgz 0ms (cache hit)
244 http cache webidl-conversions@https://registry.npmjs.org/webidl-conversions/-/webidl-conversions-3.0.1.tgz 0ms (cache hit)
245 http cache tr46@https://registry.npmjs.org/tr46/-/tr46-0.0.3.tgz 0ms (cache hit)
246 silly tarball no local data for is-fullwidth-code-point@https://registry.npmjs.org/is-fullwidth-code-point/-/is-fullwidth-code-point-3.0.0.tgz. Extracting by manifest.
247 silly tarball no local data for yargs-parser@https://registry.npmjs.org/yargs-parser/-/yargs-parser-21.1.1.tgz. Extracting by manifest.
248 silly tarball no local data for wrap-ansi@https://registry.npmjs.org/wrap-ansi/-/wrap-ansi-7.0.0.tgz. Extracting by manifest.
249 silly tarball no local data for y18n@https://registry.npmjs.org/y18n/-/y18n-5.0.8.tgz. Extracting by manifest.
250 silly tarball no local data for require-directory@https://registry.npmjs.org/require-directory/-/require-directory-2.1.1.tgz. Extracting by manifest.
251 http cache whatwg-url@https://registry.npmjs.org/whatwg-url/-/whatwg-url-5.0.0.tgz 0ms (cache hit)
252 silly tarball no local data for cliui@https://registry.npmjs.org/cliui/-/cliui-8.0.1.tgz. Extracting by manifest.
253 silly tarball no local data for get-east-asian-width@https://registry.npmjs.org/get-east-asian-width/-/get-east-asian-width-1.5.0.tgz. Extracting by manifest.
254 silly tarball no local data for get-caller-file@https://registry.npmjs.org/get-caller-file/-/get-caller-file-2.0.5.tgz. Extracting by manifest.
255 silly tarball no local data for onetime@https://registry.npmjs.org/onetime/-/onetime-7.0.0.tgz. Extracting by manifest.
256 silly tarball no local data for restore-cursor@https://registry.npmjs.org/restore-cursor/-/restore-cursor-5.1.0.tgz. Extracting by manifest.
257 http cache node-fetch@https://registry.npmjs.org/node-fetch/-/node-fetch-2.7.0.tgz 0ms (cache hit)
258 silly tarball no local data for string-width@https://registry.npmjs.org/string-width/-/string-width-7.2.0.tgz. Extracting by manifest.
259 http cache chalk@https://registry.npmjs.org/chalk/-/chalk-5.6.2.tgz 0ms (cache hit)
260 silly tarball no local data for mimic-function@https://registry.npmjs.org/mimic-function/-/mimic-function-5.0.1.tgz. Extracting by manifest.
261 silly tarball no local data for stdin-discarder@https://registry.npmjs.org/stdin-discarder/-/stdin-discarder-0.2.2.tgz. Extracting by manifest.
262 silly tarball no local data for cli-spinners@https://registry.npmjs.org/cli-spinners/-/cli-spinners-2.9.2.tgz. Extracting by manifest.
263 silly tarball no local data for is-unicode-supported@https://registry.npmjs.org/is-unicode-supported/-/is-unicode-supported-2.1.0.tgz. Extracting by manifest.
264 silly tarball no local data for strip-ansi@https://registry.npmjs.org/strip-ansi/-/strip-ansi-7.2.0.tgz. Extracting by manifest.
265 silly tarball no local data for is-interactive@https://registry.npmjs.org/is-interactive/-/is-interactive-2.0.0.tgz. Extracting by manifest.
266 silly tarball no local data for log-symbols@https://registry.npmjs.org/log-symbols/-/log-symbols-6.0.0.tgz. Extracting by manifest.
267 silly tarball no local data for cli-cursor@https://registry.npmjs.org/cli-cursor/-/cli-cursor-5.0.0.tgz. Extracting by manifest.
268 silly tarball no local data for yargs@https://registry.npmjs.org/yargs/-/yargs-17.7.2.tgz. Extracting by manifest.
269 silly tarball no local data for context7@https://registry.npmjs.org/context7/-/context7-1.0.3.tgz. Extracting by manifest.
270 silly tarball no local data for ora@https://registry.npmjs.org/ora/-/ora-8.2.0.tgz. Extracting by manifest.
271 silly tarball no local data for emoji-regex@https://registry.npmjs.org/emoji-regex/-/emoji-regex-8.0.0.tgz. Extracting by manifest.
272 silly tarball no local data for strip-ansi@https://registry.npmjs.org/strip-ansi/-/strip-ansi-6.0.1.tgz. Extracting by manifest.
273 silly tarball no local data for ansi-regex@https://registry.npmjs.org/ansi-regex/-/ansi-regex-6.2.2.tgz. Extracting by manifest.
274 silly tarball no local data for string-width@https://registry.npmjs.org/string-width/-/string-width-4.2.3.tgz. Extracting by manifest.
275 silly tarball no local data for emoji-regex@https://registry.npmjs.org/emoji-regex/-/emoji-regex-8.0.0.tgz. Extracting by manifest.
276 silly tarball no local data for emoji-regex@https://registry.npmjs.org/emoji-regex/-/emoji-regex-10.6.0.tgz. Extracting by manifest.
277 silly tarball no local data for string-width@https://registry.npmjs.org/string-width/-/string-width-4.2.3.tgz. Extracting by manifest.
278 silly tarball no local data for strip-ansi@https://registry.npmjs.org/strip-ansi/-/strip-ansi-6.0.1.tgz. Extracting by manifest.
279 silly tarball no local data for strip-ansi@https://registry.npmjs.org/strip-ansi/-/strip-ansi-6.0.1.tgz. Extracting by manifest.
280 silly tarball no local data for chalk@https://registry.npmjs.org/chalk/-/chalk-5.6.2.tgz. Extracting by manifest.
281 silly tarball no local data for is-unicode-supported@https://registry.npmjs.org/is-unicode-supported/-/is-unicode-supported-1.3.0.tgz. Extracting by manifest.
282 silly tarball no local data for string-width@https://registry.npmjs.org/string-width/-/string-width-4.2.3.tgz. Extracting by manifest.
283 silly tarball no local data for emoji-regex@https://registry.npmjs.org/emoji-regex/-/emoji-regex-8.0.0.tgz. Extracting by manifest.
284 silly tarball no local data for chalk@https://registry.npmjs.org/chalk/-/chalk-5.6.2.tgz. Extracting by manifest.
285 silly tarball no local data for webidl-conversions@https://registry.npmjs.org/webidl-conversions/-/webidl-conversions-3.0.1.tgz. Extracting by manifest.
286 silly tarball no local data for tr46@https://registry.npmjs.org/tr46/-/tr46-0.0.3.tgz. Extracting by manifest.
287 silly tarball no local data for whatwg-url@https://registry.npmjs.org/whatwg-url/-/whatwg-url-5.0.0.tgz. Extracting by manifest.
288 silly tarball no local data for node-fetch@https://registry.npmjs.org/node-fetch/-/node-fetch-2.7.0.tgz. Extracting by manifest.
289 silly tarball no local data for chalk@https://registry.npmjs.org/chalk/-/chalk-5.6.2.tgz. Extracting by manifest.
290 http fetch GET 200 https://registry.npmjs.org/wrap-ansi/-/wrap-ansi-7.0.0.tgz 86ms (cache miss)
291 http fetch GET 200 https://registry.npmjs.org/is-fullwidth-code-point/-/is-fullwidth-code-point-3.0.0.tgz 89ms (cache miss)
292 http fetch GET 200 https://registry.npmjs.org/y18n/-/y18n-5.0.8.tgz 95ms (cache miss)
293 http fetch GET 200 https://registry.npmjs.org/is-unicode-supported/-/is-unicode-supported-2.1.0.tgz 163ms (cache miss)
294 http fetch GET 200 https://registry.npmjs.org/strip-ansi/-/strip-ansi-7.2.0.tgz 163ms (cache miss)
295 http fetch GET 200 https://registry.npmjs.org/is-interactive/-/is-interactive-2.0.0.tgz 165ms (cache miss)
296 http fetch GET 200 https://registry.npmjs.org/string-width/-/string-width-7.2.0.tgz 168ms (cache miss)
297 http fetch GET 200 https://registry.npmjs.org/stdin-discarder/-/stdin-discarder-0.2.2.tgz 167ms (cache miss)
298 http fetch GET 200 https://registry.npmjs.org/restore-cursor/-/restore-cursor-5.1.0.tgz 170ms (cache miss)
299 http fetch GET 200 https://registry.npmjs.org/onetime/-/onetime-7.0.0.tgz 171ms (cache miss)
300 http fetch GET 200 https://registry.npmjs.org/get-caller-file/-/get-caller-file-2.0.5.tgz 173ms (cache miss)
301 http fetch GET 200 https://registry.npmjs.org/mimic-function/-/mimic-function-5.0.1.tgz 172ms (cache miss)
302 http fetch GET 200 https://registry.npmjs.org/require-directory/-/require-directory-2.1.1.tgz 190ms (cache miss)
303 http fetch GET 200 https://registry.npmjs.org/get-east-asian-width/-/get-east-asian-width-1.5.0.tgz 191ms (cache miss)
304 http fetch GET 200 https://registry.npmjs.org/cli-cursor/-/cli-cursor-5.0.0.tgz 209ms (cache miss)
305 http fetch GET 200 https://registry.npmjs.org/strip-ansi/-/strip-ansi-6.0.1.tgz 207ms (cache miss)
306 http fetch GET 200 https://registry.npmjs.org/cliui/-/cliui-8.0.1.tgz 215ms (cache miss)
307 http fetch GET 200 https://registry.npmjs.org/ansi-regex/-/ansi-regex-6.2.2.tgz 212ms (cache miss)
308 http fetch GET 200 https://registry.npmjs.org/string-width/-/string-width-4.2.3.tgz 212ms (cache miss)
309 http fetch GET 200 https://registry.npmjs.org/ora/-/ora-8.2.0.tgz 215ms (cache miss)
310 http fetch GET 200 https://registry.npmjs.org/string-width/-/string-width-4.2.3.tgz 215ms (cache miss)
311 http fetch GET 200 https://registry.npmjs.org/emoji-regex/-/emoji-regex-10.6.0.tgz 219ms (cache miss)
312 http fetch GET 200 https://registry.npmjs.org/emoji-regex/-/emoji-regex-8.0.0.tgz 222ms (cache miss)
313 http fetch GET 200 https://registry.npmjs.org/strip-ansi/-/strip-ansi-6.0.1.tgz 221ms (cache miss)
314 http fetch GET 200 https://registry.npmjs.org/log-symbols/-/log-symbols-6.0.0.tgz 226ms (cache miss)
315 http fetch GET 200 https://registry.npmjs.org/emoji-regex/-/emoji-regex-8.0.0.tgz 223ms (cache miss)
316 http fetch GET 200 https://registry.npmjs.org/yargs-parser/-/yargs-parser-21.1.1.tgz 234ms (cache miss)
317 http fetch GET 200 https://registry.npmjs.org/cli-spinners/-/cli-spinners-2.9.2.tgz 230ms (cache miss)
318 http fetch GET 200 https://registry.npmjs.org/webidl-conversions/-/webidl-conversions-3.0.1.tgz 256ms (cache miss)
319 http fetch GET 200 https://registry.npmjs.org/string-width/-/string-width-4.2.3.tgz 257ms (cache miss)
320 http fetch GET 200 https://registry.npmjs.org/strip-ansi/-/strip-ansi-6.0.1.tgz 259ms (cache miss)
321 http fetch GET 200 https://registry.npmjs.org/chalk/-/chalk-5.6.2.tgz 260ms (cache miss)
322 http fetch POST 200 https://registry.npmjs.org/-/npm/v1/security/advisories/bulk 294ms
323 silly audit report {
323 silly audit report   minimatch: [
323 silly audit report     {
323 silly audit report       id: 1113459,
323 silly audit report       url: 'https://github.com/advisories/GHSA-3ppc-4f35-3m26',
323 silly audit report       title: 'minimatch has a ReDoS via repeated wildcards with non-matching literal in pattern',
323 silly audit report       severity: 'high',
323 silly audit report       vulnerable_versions: '<3.1.3',
323 silly audit report       cwe: [Array],
323 silly audit report       cvss: [Object]
323 silly audit report     },
323 silly audit report     {
323 silly audit report       id: 1113465,
323 silly audit report       url: 'https://github.com/advisories/GHSA-3ppc-4f35-3m26',
323 silly audit report       title: 'minimatch has a ReDoS via repeated wildcards with non-matching literal in pattern',
323 silly audit report       severity: 'high',
323 silly audit report       vulnerable_versions: '>=9.0.0 <9.0.6',
323 silly audit report       cwe: [Array],
323 silly audit report       cvss: [Object]
323 silly audit report     },
323 silly audit report     {
323 silly audit report       id: 1113538,
323 silly audit report       url: 'https://github.com/advisories/GHSA-7r86-cg39-jmmj',
323 silly audit report       title: 'minimatch has ReDoS: matchOne() combinatorial backtracking via multiple non-adjacent GLOBSTAR segments',
323 silly audit report       severity: 'high',
323 silly audit report       vulnerable_versions: '<3.1.3',
323 silly audit report       cwe: [Array],
323 silly audit report       cvss: [Object]
323 silly audit report     },
323 silly audit report     {
323 silly audit report       id: 1113544,
323 silly audit report       url: 'https://github.com/advisories/GHSA-7r86-cg39-jmmj',
323 silly audit report       title: 'minimatch has ReDoS: matchOne() combinatorial backtracking via multiple non-adjacent GLOBSTAR segments',
323 silly audit report       severity: 'high',
323 silly audit report       vulnerable_versions: '>=9.0.0 <9.0.7',
323 silly audit report       cwe: [Array],
323 silly audit report       cvss: [Object]
323 silly audit report     },
323 silly audit report     {
323 silly audit report       id: 1113546,
323 silly audit report       url: 'https://github.com/advisories/GHSA-23c5-xmqv-rm74',
323 silly audit report       title: 'minimatch ReDoS: nested *() extglobs generate catastrophically backtracking regular expressions',
323 silly audit report       severity: 'high',
323 silly audit report       vulnerable_versions: '<3.1.4',
323 silly audit report       cwe: [Array],
323 silly audit report       cvss: [Object]
323 silly audit report     },
323 silly audit report     {
323 silly audit report       id: 1113552,
323 silly audit report       url: 'https://github.com/advisories/GHSA-23c5-xmqv-rm74',
323 silly audit report       title: 'minimatch ReDoS: nested *() extglobs generate catastrophically backtracking regular expressions',
323 silly audit report       severity: 'high',
323 silly audit report       vulnerable_versions: '>=9.0.0 <9.0.7',
323 silly audit report       cwe: [Array],
323 silly audit report       cvss: [Object]
323 silly audit report     }
323 silly audit report   ],
323 silly audit report   ajv: [
323 silly audit report     {
323 silly audit report       id: 1113428,
323 silly audit report       url: 'https://github.com/advisories/GHSA-2g4f-4pwh-qvx6',
323 silly audit report       title: 'ajv has ReDoS when using `$data` option',
323 silly audit report       severity: 'moderate',
323 silly audit report       vulnerable_versions: '<6.14.0',
323 silly audit report       cwe: [Array],
323 silly audit report       cvss: [Object]
323 silly audit report     }
323 silly audit report   ],
323 silly audit report   jspdf: [
323 silly audit report     {
323 silly audit report       id: 1112801,
323 silly audit report       url: 'https://github.com/advisories/GHSA-pqxr-3g65-p328',
323 silly audit report       title: 'jsPDF has PDF Injection in AcroFormChoiceField that allows Arbitrary JavaScript Execution',
323 silly audit report       severity: 'high',
323 silly audit report       vulnerable_versions: '<=4.0.0',
323 silly audit report       cwe: [Array],
323 silly audit report       cvss: [Object]
323 silly audit report     },
323 silly audit report     {
323 silly audit report       id: 1112802,
323 silly audit report       url: 'https://github.com/advisories/GHSA-95fx-jjr5-f39c',
323 silly audit report       title: 'jsPDF Vulnerable to Denial of Service (DoS) via Unvalidated BMP Dimensions in BMPDecoder',
323 silly audit report       severity: 'high',
323 silly audit report       vulnerable_versions: '<=4.0.0',
323 silly audit report       cwe: [Array],
323 silly audit report       cvss: [Object]
323 silly audit report     },
323 silly audit report     {
323 silly audit report       id: 1112803,
323 silly audit report       url: 'https://github.com/advisories/GHSA-vm32-vv63-w422',
323 silly audit report       title: 'jsPDF Vulnerable to Stored XMP Metadata Injection (Spoofing & Integrity Violation)',
323 silly audit report       severity: 'moderate',
323 silly audit report       vulnerable_versions: '<=4.0.0',
323 silly audit report       cwe: [Array],
323 silly audit report       cvss: [Object]
323 silly audit report     },
323 silly audit report     {
323 silly audit report       id: 1112804,
323 silly audit report       url: 'https://github.com/advisories/GHSA-cjw8-79x6-5cj4',
323 silly audit report       title: 'jsPDF has Shared State Race Condition in addJS Plugin',
323 silly audit report       severity: 'moderate',
323 silly audit report       vulnerable_versions: '<=4.0.0',
323 silly audit report       cwe: [Array],
323 silly audit report       cvss: [Object]
323 silly audit report     },
323 silly audit report     {
323 silly audit report       id: 1113309,
323 silly audit report       url: 'https://github.com/advisories/GHSA-p5xg-68wr-hm3m',
323 silly audit report       title: 'jsPDF has a PDF Injection in AcroForm module allows Arbitrary JavaScript Execution (RadioButton.createOption and "AS" property)',
323 silly audit report       severity: 'high',
323 silly audit report       vulnerable_versions: '<4.2.0',
323 silly audit report       cwe: [Array],
323 silly audit report       cvss: [Object]
323 silly audit report     },
323 silly audit report     {
323 silly audit report       id: 1113310,
323 silly audit report       url: 'https://github.com/advisories/GHSA-9vjf-qc39-jprp',
323 silly audit report       title: 'jsPDF has a PDF Object Injection via Unsanitized Input in addJS Method',
323 silly audit report       severity: 'high',
323 silly audit report       vulnerable_versions: '<4.2.0',
323 silly audit report       cwe: [Array],
323 silly audit report       cvss: [Object]
323 silly audit report     },
323 silly audit report     {
323 silly audit report       id: 1113324,
323 silly audit report       url: 'https://github.com/advisories/GHSA-67pg-wm7f-q7fj',
323 silly audit report       title: 'jsPDF Affected by Client-Side/Server-Side Denial of Service via Malicious GIF Dimensions',
323 silly audit report       severity: 'high',
323 silly audit report       vulnerable_versions: '<4.2.0',
323 silly audit report       cwe: [Array],
323 silly audit report       cvss: [Object]
323 silly audit report     }
323 silly audit report   ],
323 silly audit report   rollup: [
323 silly audit report     {
323 silly audit report       id: 1113515,
323 silly audit report       url: 'https://github.com/advisories/GHSA-mw96-cpmx-2vgc',
323 silly audit report       title: 'Rollup 4 has Arbitrary File Write via Path Traversal',
323 silly audit report       severity: 'high',
323 silly audit report       vulnerable_versions: '>=4.0.0 <4.59.0',
323 silly audit report       cwe: [Array],
323 silly audit report       cvss: [Object]
323 silly audit report     }
323 silly audit report   ],
323 silly audit report   tar: [
323 silly audit report     {
323 silly audit report       id: 1113375,
323 silly audit report       url: 'https://github.com/advisories/GHSA-83g3-92jg-28cx',
323 silly audit report       title: 'Arbitrary File Read/Write via Hardlink Target Escape Through Symlink Chain in node-tar Extraction',
323 silly audit report       severity: 'high',
323 silly audit report       vulnerable_versions: '<7.5.8',
323 silly audit report       cwe: [Array],
323 silly audit report       cvss: [Object]
323 silly audit report     }
323 silly audit report   ]
323 silly audit report }
324 silly packumentCache corgi:https://registry.npmjs.org/minimatch cache-miss
325 silly packumentCache corgi:https://registry.npmjs.org/ajv cache-miss
326 silly packumentCache corgi:https://registry.npmjs.org/jspdf cache-miss
327 silly packumentCache corgi:https://registry.npmjs.org/rollup cache-miss
328 silly packumentCache corgi:https://registry.npmjs.org/tar cache-miss
329 http fetch GET 200 https://registry.npmjs.org/chalk/-/chalk-5.6.2.tgz 280ms (cache miss)
330 http fetch GET 200 https://registry.npmjs.org/chalk/-/chalk-5.6.2.tgz 280ms (cache miss)
331 http fetch GET 200 https://registry.npmjs.org/yargs/-/yargs-17.7.2.tgz 300ms (cache miss)
332 http fetch GET 200 https://registry.npmjs.org/jspdf 49ms (cache miss)
333 silly packumentCache corgi:https://registry.npmjs.org/jspdf set size:undefined disposed:false
334 http fetch GET 200 https://registry.npmjs.org/emoji-regex/-/emoji-regex-8.0.0.tgz 328ms (cache miss)
335 http fetch GET 200 https://registry.npmjs.org/minimatch 60ms (cache miss)
336 silly packumentCache corgi:https://registry.npmjs.org/minimatch set size:undefined disposed:false
337 http fetch GET 200 https://registry.npmjs.org/tar 67ms (cache miss)
338 silly packumentCache corgi:https://registry.npmjs.org/tar set size:undefined disposed:false
339 http fetch GET 200 https://registry.npmjs.org/ajv 78ms (cache miss)
340 silly packumentCache corgi:https://registry.npmjs.org/ajv set size:undefined disposed:false
341 http fetch GET 200 https://registry.npmjs.org/whatwg-url/-/whatwg-url-5.0.0.tgz 441ms (cache miss)
342 http fetch GET 200 https://registry.npmjs.org/is-unicode-supported/-/is-unicode-supported-1.3.0.tgz 484ms (cache miss)
343 http fetch GET 200 https://registry.npmjs.org/tr46/-/tr46-0.0.3.tgz 536ms (cache miss)
344 http fetch GET 200 https://registry.npmjs.org/context7/-/context7-1.0.3.tgz 541ms (cache miss)
345 http fetch GET 200 https://registry.npmjs.org/node-fetch/-/node-fetch-2.7.0.tgz 539ms (cache miss)
346 http fetch GET 200 https://registry.npmjs.org/rollup 516ms (cache miss)
347 silly packumentCache corgi:https://registry.npmjs.org/rollup set size:undefined disposed:false
348 silly packumentCache corgi:https://registry.npmjs.org/@eslint%2fconfig-array cache-miss
349 silly packumentCache corgi:https://registry.npmjs.org/@eslint%2feslintrc cache-miss
350 silly packumentCache corgi:https://registry.npmjs.org/eslint cache-miss
351 silly packumentCache corgi:https://registry.npmjs.org/eslint-plugin-import cache-miss
352 silly packumentCache corgi:https://registry.npmjs.org/eslint-plugin-jsx-a11y cache-miss
353 silly packumentCache corgi:https://registry.npmjs.org/eslint-plugin-react cache-miss
354 http fetch GET 200 https://registry.npmjs.org/eslint-plugin-react 57ms (cache miss)
355 silly packumentCache corgi:https://registry.npmjs.org/eslint-plugin-react set size:undefined disposed:false
356 http fetch GET 200 https://registry.npmjs.org/@eslint%2feslintrc 65ms (cache miss)
357 silly packumentCache corgi:https://registry.npmjs.org/@eslint%2feslintrc set size:undefined disposed:false
358 http fetch GET 200 https://registry.npmjs.org/eslint 121ms (cache miss)
359 silly packumentCache corgi:https://registry.npmjs.org/eslint set size:undefined disposed:false
360 http fetch GET 200 https://registry.npmjs.org/eslint-plugin-jsx-a11y 313ms (cache miss)
361 silly packumentCache corgi:https://registry.npmjs.org/eslint-plugin-jsx-a11y set size:undefined disposed:false
362 http fetch GET 200 https://registry.npmjs.org/eslint-plugin-import 316ms (cache miss)
363 silly packumentCache corgi:https://registry.npmjs.org/eslint-plugin-import set size:undefined disposed:false
364 http fetch GET 200 https://registry.npmjs.org/@eslint%2fconfig-array 344ms (cache miss)
365 silly packumentCache corgi:https://registry.npmjs.org/@eslint%2fconfig-array set size:undefined disposed:false
366 silly packumentCache corgi:https://registry.npmjs.org/@typescript-eslint%2ftypescript-estree cache-miss
367 http fetch GET 200 https://registry.npmjs.org/@typescript-eslint%2ftypescript-estree 348ms (cache miss)
368 silly packumentCache corgi:https://registry.npmjs.org/@typescript-eslint%2ftypescript-estree set size:undefined disposed:false
369 silly packumentCache corgi:https://registry.npmjs.org/vite cache-miss
370 http fetch GET 200 https://registry.npmjs.org/vite 157ms (cache miss)
371 silly packumentCache corgi:https://registry.npmjs.org/vite set size:undefined disposed:false
372 silly packumentCache corgi:https://registry.npmjs.org/supabase cache-miss
373 http fetch GET 200 https://registry.npmjs.org/supabase 105ms (cache miss)
374 silly packumentCache corgi:https://registry.npmjs.org/supabase set size:undefined disposed:false
375 silly ADD node_modules/is-fullwidth-code-point
376 silly ADD node_modules/wrap-ansi
377 silly ADD node_modules/wrap-ansi/node_modules/emoji-regex
378 silly ADD node_modules/wrap-ansi/node_modules/strip-ansi
379 silly ADD node_modules/wrap-ansi/node_modules/string-width
380 silly ADD node_modules/yargs-parser
381 silly ADD node_modules/y18n
382 silly ADD node_modules/require-directory
383 silly ADD node_modules/get-caller-file
384 silly ADD node_modules/cliui
385 silly ADD node_modules/cliui/node_modules/emoji-regex
386 silly ADD node_modules/cliui/node_modules/strip-ansi
387 silly ADD node_modules/cliui/node_modules/string-width
388 silly ADD node_modules/get-east-asian-width
389 silly ADD node_modules/mimic-function
390 silly ADD node_modules/onetime
391 silly ADD node_modules/restore-cursor
392 silly ADD node_modules/strip-ansi
393 silly ADD node_modules/strip-ansi/node_modules/ansi-regex
394 silly ADD node_modules/string-width
395 silly ADD node_modules/string-width/node_modules/emoji-regex
396 silly ADD node_modules/stdin-discarder
397 silly ADD node_modules/log-symbols
398 silly ADD node_modules/log-symbols/node_modules/is-unicode-supported
399 silly ADD node_modules/log-symbols/node_modules/chalk
400 silly ADD node_modules/is-unicode-supported
401 silly ADD node_modules/is-interactive
402 silly ADD node_modules/cli-spinners
403 silly ADD node_modules/cli-cursor
404 silly ADD node_modules/yargs
405 silly ADD node_modules/yargs/node_modules/strip-ansi
406 silly ADD node_modules/yargs/node_modules/emoji-regex
407 silly ADD node_modules/yargs/node_modules/string-width
408 silly ADD node_modules/ora
409 silly ADD node_modules/ora/node_modules/chalk
410 silly ADD node_modules/context7
411 silly ADD node_modules/context7/node_modules/webidl-conversions
412 silly ADD node_modules/context7/node_modules/tr46
413 silly ADD node_modules/context7/node_modules/whatwg-url
414 silly ADD node_modules/context7/node_modules/node-fetch
415 silly ADD node_modules/context7/node_modules/chalk
416 verbose cwd C:\quotation\my-next-app
417 verbose os Windows_NT 10.0.26200
418 verbose node v24.12.0
419 verbose npm  v11.7.0
420 verbose exit 0
421 info ok
