0 verbose cli C:\Program Files\nodejs\node.exe C:\Users\USER\AppData\Roaming\npm\node_modules\npm\bin\npm-cli.js
1 info using npm@11.7.0
2 info using node@v24.12.0
3 silly config load:file:C:\Users\USER\AppData\Roaming\npm\node_modules\npm\npmrc
4 silly config load:file:C:\quotation\my-next-app\.npmrc
5 silly config load:file:C:\Users\USER\.npmrc
6 silly config load:file:C:\Users\USER\AppData\Roaming\npm\etc\npmrc
7 verbose title npm install ctx7
8 verbose argv "--cache" ".npm-cache" "install" "--save-dev" "ctx7"
9 verbose logfile logs-max:10 dir:C:\quotation\my-next-app\.npm-cache\_logs\2026-03-02T07_33_26_751Z-
10 verbose logfile C:\quotation\my-next-app\.npm-cache\_logs\2026-03-02T07_33_26_751Z-debug-0.log
11 silly logfile done cleaning log files
12 silly packumentCache heap:4496293888 maxSize:1124073472 maxEntrySize:562036736
13 silly idealTree buildDeps
14 silly fetch manifest ctx7@*
15 silly packumentCache full:https://registry.npmjs.org/ctx7 cache-miss
16 http fetch GET 200 https://registry.npmjs.org/ctx7 460ms (cache revalidated)
17 silly packumentCache full:https://registry.npmjs.org/ctx7 set size:45677 disposed:false
18 silly placeDep ROOT ctx7@0.3.1 OK for: my-next-app@0.1.0 want: *
19 silly fetch manifest @inquirer/prompts@^8.2.0
20 silly packumentCache full:https://registry.npmjs.org/@inquirer%2fprompts cache-miss
21 silly fetch manifest commander@^13.1.0
22 silly packumentCache full:https://registry.npmjs.org/commander cache-miss
23 silly fetch manifest figlet@^1.9.4
24 silly packumentCache full:https://registry.npmjs.org/figlet cache-miss
25 silly fetch manifest open@^10.1.0
26 silly packumentCache full:https://registry.npmjs.org/open cache-miss
27 silly fetch manifest ora@^9.0.0
28 silly packumentCache full:https://registry.npmjs.org/ora cache-miss
29 http fetch GET 200 https://registry.npmjs.org/commander 113ms (cache revalidated)
30 silly packumentCache full:https://registry.npmjs.org/commander set size:306325 disposed:false
31 http fetch GET 200 https://registry.npmjs.org/open 124ms (cache revalidated)
32 silly packumentCache full:https://registry.npmjs.org/open set size:136392 disposed:false
33 http fetch GET 200 https://registry.npmjs.org/ora 143ms (cache revalidated)
34 silly packumentCache full:https://registry.npmjs.org/ora set size:142374 disposed:false
35 http fetch GET 200 https://registry.npmjs.org/figlet 443ms (cache revalidated)
36 silly packumentCache full:https://registry.npmjs.org/figlet set size:124294 disposed:false
37 http fetch GET 200 https://registry.npmjs.org/@inquirer%2fprompts 447ms (cache revalidated)
38 silly packumentCache full:https://registry.npmjs.org/@inquirer%2fprompts set size:306587 disposed:false
39 silly fetch manifest @types/node@>=18
40 silly packumentCache full:https://registry.npmjs.org/@types%2fnode cache-miss
41 http fetch GET 200 https://registry.npmjs.org/@types%2fnode 86ms (cache revalidated)
42 silly packumentCache full:https://registry.npmjs.org/@types%2fnode set size:10900244 disposed:false
43 silly placeDep ROOT @inquirer/prompts@8.3.0 OK for: ctx7@0.3.1 want: ^8.2.0
44 silly placeDep ROOT commander@13.1.0 OK for: ctx7@0.3.1 want: ^13.1.0
45 silly placeDep ROOT figlet@1.10.0 OK for: ctx7@0.3.1 want: ^1.9.4
46 silly placeDep ROOT open@10.2.0 OK for: ctx7@0.3.1 want: ^10.1.0
47 silly placeDep node_modules/ctx7 ora@9.3.0 OK for: ctx7@0.3.1 want: ^9.0.0
48 silly fetch manifest @inquirer/checkbox@^5.1.0
49 silly packumentCache full:https://registry.npmjs.org/@inquirer%2fcheckbox cache-miss
50 silly fetch manifest @inquirer/confirm@^6.0.8
51 silly packumentCache full:https://registry.npmjs.org/@inquirer%2fconfirm cache-miss
52 silly fetch manifest @inquirer/editor@^5.0.8
53 silly packumentCache full:https://registry.npmjs.org/@inquirer%2feditor cache-miss
54 silly fetch manifest @inquirer/expand@^5.0.8
55 silly packumentCache full:https://registry.npmjs.org/@inquirer%2fexpand cache-miss
56 silly fetch manifest @inquirer/input@^5.0.8
57 silly packumentCache full:https://registry.npmjs.org/@inquirer%2finput cache-miss
58 silly fetch manifest @inquirer/number@^4.0.8
59 silly packumentCache full:https://registry.npmjs.org/@inquirer%2fnumber cache-miss
60 silly fetch manifest @inquirer/password@^5.0.8
61 silly packumentCache full:https://registry.npmjs.org/@inquirer%2fpassword cache-miss
62 http fetch GET 200 https://registry.npmjs.org/@inquirer%2finput 65ms (cache revalidated)
63 silly packumentCache full:https://registry.npmjs.org/@inquirer%2finput set size:299880 disposed:false
64 silly fetch manifest @inquirer/rawlist@^5.2.4
65 silly packumentCache full:https://registry.npmjs.org/@inquirer%2frawlist cache-miss
66 http fetch GET 200 https://registry.npmjs.org/@inquirer%2fpassword 67ms (cache revalidated)
67 silly packumentCache full:https://registry.npmjs.org/@inquirer%2fpassword set size:301503 disposed:false
68 silly fetch manifest @inquirer/search@^4.1.4
69 silly packumentCache full:https://registry.npmjs.org/@inquirer%2fsearch cache-miss
70 http fetch GET 200 https://registry.npmjs.org/@inquirer%2fnumber 73ms (cache revalidated)
71 silly packumentCache full:https://registry.npmjs.org/@inquirer%2fnumber set size:125457 disposed:false
72 silly fetch manifest @inquirer/select@^5.1.0
73 silly packumentCache full:https://registry.npmjs.org/@inquirer%2fselect cache-miss
74 http fetch GET 200 https://registry.npmjs.org/@inquirer%2fconfirm 150ms (cache revalidated)
75 silly packumentCache full:https://registry.npmjs.org/@inquirer%2fconfirm set size:303725 disposed:false
76 silly fetch manifest commander@^14.0.0
77 silly packumentCache full:https://registry.npmjs.org/commander cache-hit
78 silly fetch manifest wsl-utils@^0.1.0
79 silly packumentCache full:https://registry.npmjs.org/wsl-utils cache-miss
80 http fetch GET 200 https://registry.npmjs.org/@inquirer%2feditor 156ms (cache revalidated)
81 silly packumentCache full:https://registry.npmjs.org/@inquirer%2feditor set size:302990 disposed:false
82 silly fetch manifest default-browser@^5.2.1
83 silly packumentCache full:https://registry.npmjs.org/default-browser cache-miss
84 http fetch GET 200 https://registry.npmjs.org/@inquirer%2fsearch 127ms (cache revalidated)
85 silly packumentCache full:https://registry.npmjs.org/@inquirer%2fsearch set size:125664 disposed:false
86 silly fetch manifest define-lazy-prop@^3.0.0
87 silly packumentCache full:https://registry.npmjs.org/define-lazy-prop cache-miss
88 http fetch GET 200 https://registry.npmjs.org/@inquirer%2fselect 126ms (cache revalidated)
89 silly packumentCache full:https://registry.npmjs.org/@inquirer%2fselect set size:317525 disposed:false
90 silly fetch manifest is-inside-container@^1.0.0
91 silly packumentCache full:https://registry.npmjs.org/is-inside-container cache-miss
92 http fetch GET 200 https://registry.npmjs.org/wsl-utils 51ms (cache revalidated)
93 silly packumentCache full:https://registry.npmjs.org/wsl-utils set size:15127 disposed:false
94 silly fetch manifest chalk@^5.6.2
95 silly packumentCache full:https://registry.npmjs.org/chalk cache-miss
96 http fetch GET 200 https://registry.npmjs.org/default-browser 53ms (cache revalidated)
97 silly packumentCache full:https://registry.npmjs.org/default-browser set size:31475 disposed:false
98 silly fetch manifest cli-spinners@^3.2.0
99 silly packumentCache full:https://registry.npmjs.org/cli-spinners cache-miss
100 http fetch GET 200 https://registry.npmjs.org/define-lazy-prop 51ms (cache revalidated)
101 silly packumentCache full:https://registry.npmjs.org/define-lazy-prop set size:9337 disposed:false
102 silly fetch manifest log-symbols@^7.0.1
103 silly packumentCache full:https://registry.npmjs.org/log-symbols cache-miss
104 http fetch GET 200 https://registry.npmjs.org/chalk 47ms (cache revalidated)
105 silly packumentCache full:https://registry.npmjs.org/chalk set size:117861 disposed:false
106 silly fetch manifest stdin-discarder@^0.3.1
107 silly packumentCache full:https://registry.npmjs.org/stdin-discarder cache-miss
108 http fetch GET 200 https://registry.npmjs.org/cli-spinners 47ms (cache revalidated)
109 silly packumentCache full:https://registry.npmjs.org/cli-spinners set size:67473 disposed:false
110 silly fetch manifest string-width@^8.1.0
111 silly packumentCache full:https://registry.npmjs.org/string-width cache-miss
112 http fetch GET 200 https://registry.npmjs.org/log-symbols 39ms (cache revalidated)
113 silly packumentCache full:https://registry.npmjs.org/log-symbols set size:31977 disposed:false
114 http fetch GET 200 https://registry.npmjs.org/stdin-discarder 42ms (cache revalidated)
115 silly packumentCache full:https://registry.npmjs.org/stdin-discarder set size:13423 disposed:false
116 http fetch GET 200 https://registry.npmjs.org/string-width 63ms (cache revalidated)
117 silly packumentCache full:https://registry.npmjs.org/string-width set size:68305 disposed:false
118 http fetch GET 200 https://registry.npmjs.org/@inquirer%2fexpand 325ms (cache revalidated)
119 silly packumentCache full:https://registry.npmjs.org/@inquirer%2fexpand set size:302532 disposed:false
120 http fetch GET 200 https://registry.npmjs.org/@inquirer%2fcheckbox 374ms (cache revalidated)
121 silly packumentCache full:https://registry.npmjs.org/@inquirer%2fcheckbox set size:328703 disposed:false
122 http fetch GET 200 https://registry.npmjs.org/@inquirer%2frawlist 344ms (cache revalidated)
123 silly packumentCache full:https://registry.npmjs.org/@inquirer%2frawlist set size:271506 disposed:false
124 http fetch GET 200 https://registry.npmjs.org/is-inside-container 419ms (cache revalidated)
125 silly packumentCache full:https://registry.npmjs.org/is-inside-container set size:4403 disposed:false
126 silly placeDep ROOT @inquirer/checkbox@5.1.0 OK for: @inquirer/prompts@8.3.0 want: ^5.1.0
127 silly placeDep ROOT @inquirer/confirm@6.0.8 OK for: @inquirer/prompts@8.3.0 want: ^6.0.8
128 silly placeDep ROOT @inquirer/editor@5.0.8 OK for: @inquirer/prompts@8.3.0 want: ^5.0.8
129 silly placeDep ROOT @inquirer/expand@5.0.8 OK for: @inquirer/prompts@8.3.0 want: ^5.0.8
130 silly placeDep ROOT @inquirer/input@5.0.8 OK for: @inquirer/prompts@8.3.0 want: ^5.0.8
131 silly placeDep ROOT @inquirer/number@4.0.8 OK for: @inquirer/prompts@8.3.0 want: ^4.0.8
132 silly placeDep ROOT @inquirer/password@5.0.8 OK for: @inquirer/prompts@8.3.0 want: ^5.0.8
133 silly placeDep ROOT @inquirer/rawlist@5.2.4 OK for: @inquirer/prompts@8.3.0 want: ^5.2.4
134 silly placeDep ROOT @inquirer/search@4.1.4 OK for: @inquirer/prompts@8.3.0 want: ^4.1.4
135 silly placeDep ROOT @inquirer/select@5.1.0 OK for: @inquirer/prompts@8.3.0 want: ^5.1.0
136 silly fetch manifest @inquirer/ansi@^2.0.3
137 silly packumentCache full:https://registry.npmjs.org/@inquirer%2fansi cache-miss
138 silly fetch manifest @inquirer/core@^11.1.5
139 silly packumentCache full:https://registry.npmjs.org/@inquirer%2fcore cache-miss
140 silly fetch manifest @inquirer/figures@^2.0.3
141 silly packumentCache full:https://registry.npmjs.org/@inquirer%2ffigures cache-miss
142 silly fetch manifest @inquirer/type@^4.0.3
143 silly packumentCache full:https://registry.npmjs.org/@inquirer%2ftype cache-miss
144 silly fetch manifest @inquirer/core@^11.1.5
145 silly packumentCache full:https://registry.npmjs.org/@inquirer%2fcore cache-miss
146 silly fetch manifest @inquirer/type@^4.0.3
147 silly packumentCache full:https://registry.npmjs.org/@inquirer%2ftype cache-miss
148 silly fetch manifest @inquirer/core@^11.1.5
149 silly packumentCache full:https://registry.npmjs.org/@inquirer%2fcore cache-miss
150 http fetch GET 200 https://registry.npmjs.org/@inquirer%2ffigures 59ms (cache revalidated)
151 silly packumentCache full:https://registry.npmjs.org/@inquirer%2ffigures set size:48062 disposed:false
152 silly fetch manifest @inquirer/external-editor@^2.0.3
153 silly packumentCache full:https://registry.npmjs.org/@inquirer%2fexternal-editor cache-miss
154 http fetch GET 200 https://registry.npmjs.org/@inquirer%2ftype 62ms (cache revalidated)
155 silly packumentCache full:https://registry.npmjs.org/@inquirer%2ftype set size:110497 disposed:false
156 silly fetch manifest @inquirer/core@^11.1.5
157 silly packumentCache full:https://registry.npmjs.org/@inquirer%2fcore cache-miss
158 http fetch GET 200 https://registry.npmjs.org/@inquirer%2fcore 67ms (cache revalidated)
159 silly packumentCache full:https://registry.npmjs.org/@inquirer%2fcore set size:334784 disposed:false
160 silly fetch manifest @inquirer/ansi@^2.0.3
161 silly packumentCache full:https://registry.npmjs.org/@inquirer%2fansi cache-miss
162 http fetch GET 200 https://registry.npmjs.org/@inquirer%2fcore 70ms (cache revalidated)
163 silly packumentCache full:https://registry.npmjs.org/@inquirer%2fcore set size:334784 disposed:false
164 silly packumentCache full:https://registry.npmjs.org/@inquirer%2fcore dispose
165 silly fetch manifest @inquirer/ansi@^2.0.3
166 silly packumentCache full:https://registry.npmjs.org/@inquirer%2fansi cache-miss
167 http fetch GET 200 https://registry.npmjs.org/@inquirer%2fcore 73ms (cache revalidated)
168 silly packumentCache full:https://registry.npmjs.org/@inquirer%2fcore set size:334784 disposed:true
169 silly packumentCache full:https://registry.npmjs.org/@inquirer%2fcore dispose
170 http fetch GET 200 https://registry.npmjs.org/@inquirer%2ftype 113ms (cache revalidated)
171 silly packumentCache full:https://registry.npmjs.org/@inquirer%2ftype set size:110497 disposed:false
172 silly packumentCache full:https://registry.npmjs.org/@inquirer%2ftype dispose
173 http fetch GET 200 https://registry.npmjs.org/@inquirer%2fansi 90ms (cache revalidated)
174 silly packumentCache full:https://registry.npmjs.org/@inquirer%2fansi set size:19800 disposed:false
175 http fetch GET 200 https://registry.npmjs.org/@inquirer%2fansi 94ms (cache revalidated)
176 silly packumentCache full:https://registry.npmjs.org/@inquirer%2fansi set size:19800 disposed:false
177 silly packumentCache full:https://registry.npmjs.org/@inquirer%2fansi dispose
178 http fetch GET 200 https://registry.npmjs.org/@inquirer%2fcore 100ms (cache revalidated)
179 silly packumentCache full:https://registry.npmjs.org/@inquirer%2fcore set size:334784 disposed:true
180 silly packumentCache full:https://registry.npmjs.org/@inquirer%2fcore dispose
181 http fetch GET 200 https://registry.npmjs.org/@inquirer%2fexternal-editor 265ms (cache revalidated)
182 silly packumentCache full:https://registry.npmjs.org/@inquirer%2fexternal-editor set size:27856 disposed:false
183 http fetch GET 200 https://registry.npmjs.org/@inquirer%2fansi 1198ms (cache revalidated)
184 silly packumentCache full:https://registry.npmjs.org/@inquirer%2fansi set size:19800 disposed:true
185 silly packumentCache full:https://registry.npmjs.org/@inquirer%2fansi dispose
186 silly placeDep ROOT @inquirer/ansi@2.0.3 OK for: @inquirer/checkbox@5.1.0 want: ^2.0.3
187 silly placeDep ROOT @inquirer/core@11.1.5 OK for: @inquirer/checkbox@5.1.0 want: ^11.1.5
188 silly placeDep ROOT @inquirer/figures@2.0.3 OK for: @inquirer/checkbox@5.1.0 want: ^2.0.3
189 silly placeDep ROOT @inquirer/type@4.0.3 OK for: @inquirer/checkbox@5.1.0 want: ^4.0.3
190 silly fetch manifest cli-width@^4.1.0
191 silly packumentCache full:https://registry.npmjs.org/cli-width cache-miss
192 silly fetch manifest fast-wrap-ansi@^0.2.0
193 silly packumentCache full:https://registry.npmjs.org/fast-wrap-ansi cache-miss
194 silly fetch manifest mute-stream@^3.0.0
195 silly packumentCache full:https://registry.npmjs.org/mute-stream cache-miss
196 http fetch GET 200 https://registry.npmjs.org/cli-width 50ms (cache revalidated)
197 silly packumentCache full:https://registry.npmjs.org/cli-width set size:24976 disposed:false
198 http fetch GET 200 https://registry.npmjs.org/mute-stream 119ms (cache revalidated)
199 silly packumentCache full:https://registry.npmjs.org/mute-stream set size:21918 disposed:false
200 http fetch GET 200 https://registry.npmjs.org/fast-wrap-ansi 274ms (cache revalidated)
201 silly packumentCache full:https://registry.npmjs.org/fast-wrap-ansi set size:16102 disposed:false
202 silly placeDep ROOT cli-width@4.1.0 OK for: @inquirer/core@11.1.5 want: ^4.1.0
203 silly placeDep ROOT fast-wrap-ansi@0.2.0 OK for: @inquirer/core@11.1.5 want: ^0.2.0
204 silly placeDep ROOT mute-stream@3.0.0 OK for: @inquirer/core@11.1.5 want: ^3.0.0
205 silly fetch manifest fast-string-width@^3.0.2
206 silly packumentCache full:https://registry.npmjs.org/fast-string-width cache-miss
207 http fetch GET 200 https://registry.npmjs.org/fast-string-width 292ms (cache revalidated)
208 silly packumentCache full:https://registry.npmjs.org/fast-string-width set size:22460 disposed:false
209 silly placeDep ROOT @inquirer/external-editor@2.0.3 OK for: @inquirer/editor@5.0.8 want: ^2.0.3
210 silly fetch manifest chardet@^2.1.1
211 silly packumentCache full:https://registry.npmjs.org/chardet cache-miss
212 silly fetch manifest iconv-lite@^0.7.2
213 silly packumentCache full:https://registry.npmjs.org/iconv-lite cache-miss
214 http fetch GET 200 https://registry.npmjs.org/iconv-lite 51ms (cache revalidated)
215 silly packumentCache full:https://registry.npmjs.org/iconv-lite set size:120557 disposed:false
216 http fetch GET 200 https://registry.npmjs.org/chardet 627ms (cache revalidated)
217 silly packumentCache full:https://registry.npmjs.org/chardet set size:70553 disposed:false
218 silly placeDep ROOT chardet@2.1.1 OK for: @inquirer/external-editor@2.0.3 want: ^2.1.1
219 silly placeDep node_modules/@inquirer/external-editor iconv-lite@0.7.2 OK for: @inquirer/external-editor@2.0.3 want: ^0.7.2
220 silly placeDep ROOT fast-string-width@3.0.2 OK for: fast-wrap-ansi@0.2.0 want: ^3.0.2
221 silly fetch manifest fast-string-truncated-width@^3.0.2
222 silly packumentCache full:https://registry.npmjs.org/fast-string-truncated-width cache-miss
223 http fetch GET 200 https://registry.npmjs.org/fast-string-truncated-width 299ms (cache revalidated)
224 silly packumentCache full:https://registry.npmjs.org/fast-string-truncated-width set size:23965 disposed:false
225 silly placeDep ROOT fast-string-truncated-width@3.0.3 OK for: fast-string-width@3.0.2 want: ^3.0.2
226 silly placeDep node_modules/figlet commander@14.0.3 OK for: figlet@1.10.0 want: ^14.0.0
227 silly placeDep ROOT default-browser@5.5.0 OK for: open@10.2.0 want: ^5.2.1
228 silly placeDep ROOT define-lazy-prop@3.0.0 OK for: open@10.2.0 want: ^3.0.0
229 silly placeDep ROOT is-inside-container@1.0.0 OK for: open@10.2.0 want: ^1.0.0
230 silly placeDep ROOT wsl-utils@0.1.0 OK for: open@10.2.0 want: ^0.1.0
231 silly fetch manifest bundle-name@^4.1.0
232 silly packumentCache full:https://registry.npmjs.org/bundle-name cache-miss
233 silly fetch manifest default-browser-id@^5.0.0
234 silly packumentCache full:https://registry.npmjs.org/default-browser-id cache-miss
235 silly fetch manifest is-docker@^3.0.0
236 silly packumentCache full:https://registry.npmjs.org/is-docker cache-miss
237 silly fetch manifest is-wsl@^3.1.0
238 silly packumentCache full:https://registry.npmjs.org/is-wsl cache-miss
239 http fetch GET 200 https://registry.npmjs.org/is-wsl 74ms (cache revalidated)
240 silly packumentCache full:https://registry.npmjs.org/is-wsl set size:20683 disposed:false
241 http fetch GET 200 https://registry.npmjs.org/default-browser-id 93ms (cache revalidated)
242 silly packumentCache full:https://registry.npmjs.org/default-browser-id set size:24398 disposed:false
243 http fetch GET 200 https://registry.npmjs.org/bundle-name 95ms (cache revalidated)
244 silly packumentCache full:https://registry.npmjs.org/bundle-name set size:17344 disposed:false
245 http fetch GET 200 https://registry.npmjs.org/is-docker 115ms (cache revalidated)
246 silly packumentCache full:https://registry.npmjs.org/is-docker set size:23690 disposed:false
247 silly placeDep ROOT bundle-name@4.1.0 OK for: default-browser@5.5.0 want: ^4.1.0
248 silly placeDep ROOT default-browser-id@5.0.1 OK for: default-browser@5.5.0 want: ^5.0.0
249 silly fetch manifest run-applescript@^7.0.0
250 silly packumentCache full:https://registry.npmjs.org/run-applescript cache-miss
251 http fetch GET 200 https://registry.npmjs.org/run-applescript 43ms (cache revalidated)
252 silly packumentCache full:https://registry.npmjs.org/run-applescript set size:27897 disposed:false
253 silly placeDep ROOT run-applescript@7.1.0 OK for: bundle-name@4.1.0 want: ^7.0.0
254 silly placeDep ROOT is-docker@3.0.0 OK for: is-inside-container@1.0.0 want: ^3.0.0
255 silly placeDep ROOT is-wsl@3.1.1 OK for: wsl-utils@0.1.0 want: ^3.1.0
256 silly placeDep node_modules/ctx7 chalk@5.6.2 OK for: ora@9.3.0 want: ^5.6.2
257 silly placeDep node_modules/ctx7 cli-spinners@3.4.0 OK for: ora@9.3.0 want: ^3.2.0
258 silly placeDep node_modules/ctx7 log-symbols@7.0.1 OK for: ora@9.3.0 want: ^7.0.1
259 silly placeDep node_modules/ctx7 stdin-discarder@0.3.1 OK for: ora@9.3.0 want: ^0.3.1
260 silly placeDep node_modules/ctx7 string-width@8.2.0 OK for: ora@9.3.0 want: ^8.1.0
261 silly fetch manifest yoctocolors@^2.1.1
262 silly packumentCache full:https://registry.npmjs.org/yoctocolors cache-miss
263 http fetch GET 200 https://registry.npmjs.org/yoctocolors 43ms (cache revalidated)
264 silly packumentCache full:https://registry.npmjs.org/yoctocolors set size:25767 disposed:false
265 silly placeDep ROOT yoctocolors@2.1.2 OK for: log-symbols@7.0.1 want: ^2.1.1
266 silly reify moves {}
267 silly audit bulk request {
267 silly audit   '@adobe/css-tools': [ '4.4.4' ],
267 silly audit   '@alloc/quick-lru': [ '5.2.0' ],
267 silly audit   '@asamuzakjp/css-color': [ '3.2.0' ],
267 silly audit   'lru-cache': [ '10.4.3', '5.1.1' ],
267 silly audit   '@babel/code-frame': [ '7.27.1' ],
267 silly audit   '@babel/compat-data': [ '7.28.5' ],
267 silly audit   '@babel/core': [ '7.28.5' ],
267 silly audit   '@babel/generator': [ '7.28.5' ],
267 silly audit   '@babel/helper-compilation-targets': [ '7.27.2' ],
267 silly audit   '@babel/helper-globals': [ '7.28.0' ],
267 silly audit   '@babel/helper-module-imports': [ '7.27.1' ],
267 silly audit   '@babel/helper-module-transforms': [ '7.28.3' ],
267 silly audit   '@babel/helper-plugin-utils': [ '7.28.6' ],
267 silly audit   '@babel/helper-string-parser': [ '7.27.1' ],
267 silly audit   '@babel/helper-validator-identifier': [ '7.28.5' ],
267 silly audit   '@babel/helper-validator-option': [ '7.27.1' ],
267 silly audit   '@babel/helpers': [ '7.28.4' ],
267 silly audit   '@babel/parser': [ '7.28.5' ],
267 silly audit   '@babel/plugin-transform-react-jsx-self': [ '7.27.1' ],
267 silly audit   '@babel/plugin-transform-react-jsx-source': [ '7.27.1' ],
267 silly audit   '@babel/runtime': [ '7.28.4' ],
267 silly audit   '@babel/template': [ '7.27.2' ],
267 silly audit   '@babel/traverse': [ '7.28.5' ],
267 silly audit   '@babel/types': [ '7.28.5' ],
267 silly audit   '@csstools/color-helpers': [ '5.1.0' ],
267 silly audit   '@csstools/css-calc': [ '2.1.4' ],
267 silly audit   '@csstools/css-color-parser': [ '3.1.0' ],
267 silly audit   '@csstools/css-parser-algorithms': [ '3.0.5' ],
267 silly audit   '@csstools/css-tokenizer': [ '3.0.4' ],
267 silly audit   '@emnapi/core': [ '1.7.1' ],
267 silly audit   '@emnapi/runtime': [ '1.7.1' ],
267 silly audit   '@emnapi/wasi-threads': [ '1.1.0' ],
267 silly audit   '@esbuild/aix-ppc64': [ '0.27.2' ],
267 silly audit   '@esbuild/android-arm': [ '0.27.2' ],
267 silly audit   '@esbuild/android-arm64': [ '0.27.2' ],
267 silly audit   '@esbuild/android-x64': [ '0.27.2' ],
267 silly audit   '@esbuild/darwin-arm64': [ '0.27.2' ],
267 silly audit   '@esbuild/darwin-x64': [ '0.27.2' ],
267 silly audit   '@esbuild/freebsd-arm64': [ '0.27.2' ],
267 silly audit   '@esbuild/freebsd-x64': [ '0.27.2' ],
267 silly audit   '@esbuild/linux-arm': [ '0.27.2' ],
267 silly audit   '@esbuild/linux-arm64': [ '0.27.2' ],
267 silly audit   '@esbuild/linux-ia32': [ '0.27.2' ],
267 silly audit   '@esbuild/linux-loong64': [ '0.27.2' ],
267 silly audit   '@esbuild/linux-mips64el': [ '0.27.2' ],
267 silly audit   '@esbuild/linux-ppc64': [ '0.27.2' ],
267 silly audit   '@esbuild/linux-riscv64': [ '0.27.2' ],
267 silly audit   '@esbuild/linux-s390x': [ '0.27.2' ],
267 silly audit   '@esbuild/linux-x64': [ '0.27.2' ],
267 silly audit   '@esbuild/netbsd-arm64': [ '0.27.2' ],
267 silly audit   '@esbuild/netbsd-x64': [ '0.27.2' ],
267 silly audit   '@esbuild/openbsd-arm64': [ '0.27.2' ],
267 silly audit   '@esbuild/openbsd-x64': [ '0.27.2' ],
267 silly audit   '@esbuild/openharmony-arm64': [ '0.27.2' ],
267 silly audit   '@esbuild/sunos-x64': [ '0.27.2' ],
267 silly audit   '@esbuild/win32-arm64': [ '0.27.2' ],
267 silly audit   '@esbuild/win32-ia32': [ '0.27.2' ],
267 silly audit   '@esbuild/win32-x64': [ '0.27.2' ],
267 silly audit   '@eslint-community/eslint-utils': [ '4.9.0' ],
267 silly audit   'eslint-visitor-keys': [ '3.4.3', '4.2.1' ],
267 silly audit   '@eslint-community/regexpp': [ '4.12.2' ],
267 silly audit   '@eslint/config-array': [ '0.21.1' ],
267 silly audit   '@eslint/config-helpers': [ '0.4.2' ],
267 silly audit   '@eslint/core': [ '0.17.0' ],
267 silly audit   '@eslint/eslintrc': [ '3.3.3' ],
267 silly audit   '@eslint/js': [ '9.39.2' ],
267 silly audit   '@eslint/object-schema': [ '2.1.7' ],
267 silly audit   '@eslint/plugin-kit': [ '0.4.1' ],
267 silly audit   '@humanfs/core': [ '0.19.1' ],
267 silly audit   '@humanfs/node': [ '0.16.7' ],
267 silly audit   '@humanwhocodes/module-importer': [ '1.0.1' ],
267 silly audit   '@humanwhocodes/retry': [ '0.4.3' ],
267 silly audit   '@img/colour': [ '1.0.0' ],
267 silly audit   '@img/sharp-darwin-arm64': [ '0.34.5' ],
267 silly audit   '@img/sharp-darwin-x64': [ '0.34.5' ],
267 silly audit   '@img/sharp-libvips-darwin-arm64': [ '1.2.4' ],
267 silly audit   '@img/sharp-libvips-darwin-x64': [ '1.2.4' ],
267 silly audit   '@img/sharp-libvips-linux-arm': [ '1.2.4' ],
267 silly audit   '@img/sharp-libvips-linux-arm64': [ '1.2.4' ],
267 silly audit   '@img/sharp-libvips-linux-ppc64': [ '1.2.4' ],
267 silly audit   '@img/sharp-libvips-linux-riscv64': [ '1.2.4' ],
267 silly audit   '@img/sharp-libvips-linux-s390x': [ '1.2.4' ],
267 silly audit   '@img/sharp-libvips-linux-x64': [ '1.2.4' ],
267 silly audit   '@img/sharp-libvips-linuxmusl-arm64': [ '1.2.4' ],
267 silly audit   '@img/sharp-libvips-linuxmusl-x64': [ '1.2.4' ],
267 silly audit   '@img/sharp-linux-arm': [ '0.34.5' ],
267 silly audit   '@img/sharp-linux-arm64': [ '0.34.5' ],
267 silly audit   '@img/sharp-linux-ppc64': [ '0.34.5' ],
267 silly audit   '@img/sharp-linux-riscv64': [ '0.34.5' ],
267 silly audit   '@img/sharp-linux-s390x': [ '0.34.5' ],
267 silly audit   '@img/sharp-linux-x64': [ '0.34.5' ],
267 silly audit   '@img/sharp-linuxmusl-arm64': [ '0.34.5' ],
267 silly audit   '@img/sharp-linuxmusl-x64': [ '0.34.5' ],
267 silly audit   '@img/sharp-wasm32': [ '0.34.5' ],
267 silly audit   '@img/sharp-win32-arm64': [ '0.34.5' ],
267 silly audit   '@img/sharp-win32-ia32': [ '0.34.5' ],
267 silly audit   '@img/sharp-win32-x64': [ '0.34.5' ],
267 silly audit   '@isaacs/fs-minipass': [ '4.0.1' ],
267 silly audit   '@jridgewell/gen-mapping': [ '0.3.13' ],
267 silly audit   '@jridgewell/remapping': [ '2.3.5' ],
267 silly audit   '@jridgewell/resolve-uri': [ '3.1.2' ],
267 silly audit   '@jridgewell/sourcemap-codec': [ '1.5.5' ],
267 silly audit   '@jridgewell/trace-mapping': [ '0.3.31' ],
267 silly audit   '@napi-rs/wasm-runtime': [ '0.2.12', '1.1.0' ],
267 silly audit   '@next/env': [ '16.1.6' ],
267 silly audit   '@next/eslint-plugin-next': [ '16.1.6' ],
267 silly audit   '@next/swc-darwin-arm64': [ '16.1.6' ],
267 silly audit   '@next/swc-darwin-x64': [ '16.1.6' ],
267 silly audit   '@next/swc-linux-arm64-gnu': [ '16.1.6' ],
267 silly audit   '@next/swc-linux-arm64-musl': [ '16.1.6' ],
267 silly audit   '@next/swc-linux-x64-gnu': [ '16.1.6' ],
267 silly audit   '@next/swc-linux-x64-musl': [ '16.1.6' ],
267 silly audit   '@next/swc-win32-arm64-msvc': [ '16.1.6' ],
267 silly audit   '@next/swc-win32-x64-msvc': [ '16.1.6' ],
267 silly audit   '@nodelib/fs.scandir': [ '2.1.5' ],
267 silly audit   '@nodelib/fs.stat': [ '2.0.5' ],
267 silly audit   '@nodelib/fs.walk': [ '1.2.8' ],
267 silly audit   '@nolyfill/is-core-module': [ '1.0.39' ],
267 silly audit   '@rolldown/pluginutils': [ '1.0.0-beta.53' ],
267 silly audit   '@rollup/rollup-android-arm-eabi': [ '4.57.0' ],
267 silly audit   '@rollup/rollup-android-arm64': [ '4.57.0' ],
267 silly audit   '@rollup/rollup-darwin-arm64': [ '4.57.0' ],
267 silly audit   '@rollup/rollup-darwin-x64': [ '4.57.0' ],
267 silly audit   '@rollup/rollup-freebsd-arm64': [ '4.57.0' ],
267 silly audit   '@rollup/rollup-freebsd-x64': [ '4.57.0' ],
267 silly audit   '@rollup/rollup-linux-arm-gnueabihf': [ '4.57.0' ],
267 silly audit   '@rollup/rollup-linux-arm-musleabihf': [ '4.57.0' ],
267 silly audit   '@rollup/rollup-linux-arm64-gnu': [ '4.57.0' ],
267 silly audit   '@rollup/rollup-linux-arm64-musl': [ '4.57.0' ],
267 silly audit   '@rollup/rollup-linux-loong64-gnu': [ '4.57.0' ],
267 silly audit   '@rollup/rollup-linux-loong64-musl': [ '4.57.0' ],
267 silly audit   '@rollup/rollup-linux-ppc64-gnu': [ '4.57.0' ],
267 silly audit   '@rollup/rollup-linux-ppc64-musl': [ '4.57.0' ],
267 silly audit   '@rollup/rollup-linux-riscv64-gnu': [ '4.57.0' ],
267 silly audit   '@rollup/rollup-linux-riscv64-musl': [ '4.57.0' ],
267 silly audit   '@rollup/rollup-linux-s390x-gnu': [ '4.57.0' ],
267 silly audit   '@rollup/rollup-linux-x64-gnu': [ '4.57.0' ],
267 silly audit   '@rollup/rollup-linux-x64-musl': [ '4.57.0' ],
267 silly audit   '@rollup/rollup-openbsd-x64': [ '4.57.0' ],
267 silly audit   '@rollup/rollup-openharmony-arm64': [ '4.57.0' ],
267 silly audit   '@rollup/rollup-win32-arm64-msvc': [ '4.57.0' ],
267 silly audit   '@rollup/rollup-win32-ia32-msvc': [ '4.57.0' ],
267 silly audit   '@rollup/rollup-win32-x64-gnu': [ '4.57.0' ],
267 silly audit   '@rollup/rollup-win32-x64-msvc': [ '4.57.0' ],
267 silly audit   '@rtsao/scc': [ '1.1.0' ],
267 silly audit   '@supabase/auth-js': [ '2.88.0' ],
267 silly audit   '@supabase/functions-js': [ '2.88.0' ],
267 silly audit   '@supabase/postgrest-js': [ '2.88.0' ],
267 silly audit   '@supabase/realtime-js': [ '2.88.0' ],
267 silly audit   '@supabase/storage-js': [ '2.88.0' ],
267 silly audit   '@supabase/supabase-js': [ '2.88.0' ],
267 silly audit   '@swc/helpers': [ '0.5.15' ],
267 silly audit   '@tailwindcss/node': [ '4.1.18' ],
267 silly audit   '@tailwindcss/oxide': [ '4.1.18' ],
267 silly audit   '@tailwindcss/oxide-android-arm64': [ '4.1.18' ],
267 silly audit   '@tailwindcss/oxide-darwin-arm64': [ '4.1.18' ],
267 silly audit   '@tailwindcss/oxide-darwin-x64': [ '4.1.18' ],
267 silly audit   '@tailwindcss/oxide-freebsd-x64': [ '4.1.18' ],
267 silly audit   '@tailwindcss/oxide-linux-arm-gnueabihf': [ '4.1.18' ],
267 silly audit   '@tailwindcss/oxide-linux-arm64-gnu': [ '4.1.18' ],
267 silly audit   '@tailwindcss/oxide-linux-arm64-musl': [ '4.1.18' ],
267 silly audit   '@tailwindcss/oxide-linux-x64-gnu': [ '4.1.18' ],
267 silly audit   '@tailwindcss/oxide-linux-x64-musl': [ '4.1.18' ],
267 silly audit   '@tailwindcss/oxide-wasm32-wasi': [ '4.1.18' ],
267 silly audit   '@tybys/wasm-util': [ '0.10.1' ],
267 silly audit   tslib: [ '2.8.1' ],
267 silly audit   '@tailwindcss/oxide-win32-arm64-msvc': [ '4.1.18' ],
267 silly audit   '@tailwindcss/oxide-win32-x64-msvc': [ '4.1.18' ],
267 silly audit   '@tailwindcss/postcss': [ '4.1.18' ],
267 silly audit   '@testing-library/dom': [ '10.4.1' ],
267 silly audit   'aria-query': [ '5.3.0', '5.3.2' ],
267 silly audit   '@testing-library/jest-dom': [ '6.9.1' ],
267 silly audit   'dom-accessibility-api': [ '0.6.3', '0.5.16' ],
267 silly audit   '@testing-library/react': [ '16.3.2' ],
267 silly audit   '@types/aria-query': [ '5.0.4' ],
267 silly audit   '@types/babel__core': [ '7.20.5' ],
267 silly audit   '@types/babel__generator': [ '7.27.0' ],
267 silly audit   '@types/babel__template': [ '7.4.4' ],
267 silly audit   '@types/babel__traverse': [ '7.28.0' ],
267 silly audit   '@types/chai': [ '5.2.3' ],
267 silly audit   '@types/deep-eql': [ '4.0.2' ],
267 silly audit   '@types/estree': [ '1.0.8' ],
267 silly audit   '@types/json-schema': [ '7.0.15' ],
267 silly audit   '@types/json5': [ '0.0.29' ],
267 silly audit   '@types/node': [ '20.19.27' ],
267 silly audit   '@types/pako': [ '2.0.4' ],
267 silly audit   '@types/phoenix': [ '1.6.7' ],
267 silly audit   '@types/raf': [ '3.4.3' ],
267 silly audit   '@types/react': [ '19.2.7' ],
267 silly audit   '@types/react-dom': [ '19.2.3' ],
267 silly audit   '@types/trusted-types': [ '2.0.7' ],
267 silly audit   '@types/ws': [ '8.18.1' ],
267 silly audit   '@typescript-eslint/eslint-plugin': [ '8.50.0' ],
267 silly audit   ignore: [ '7.0.5', '5.3.2' ],
267 silly audit   '@typescript-eslint/parser': [ '8.50.0' ],
267 silly audit   '@typescript-eslint/project-service': [ '8.50.0' ],
267 silly audit   '@typescript-eslint/scope-manager': [ '8.50.0' ],
267 silly audit   '@typescript-eslint/tsconfig-utils': [ '8.50.0' ],
267 silly audit   '@typescript-eslint/type-utils': [ '8.50.0' ],
267 silly audit   '@typescript-eslint/types': [ '8.50.0' ],
267 silly audit   '@typescript-eslint/typescript-estree': [ '8.50.0' ],
267 silly audit   'brace-expansion': [ '2.0.2', '1.1.12' ],
267 silly audit   minimatch: [ '9.0.5', '3.1.2' ],
267 silly audit   semver: [ '7.7.3', '6.3.1' ],
267 silly audit   '@typescript-eslint/utils': [ '8.50.0' ],
267 silly audit   '@typescript-eslint/visitor-keys': [ '8.50.0' ],
267 silly audit   '@unrs/resolver-binding-android-arm-eabi': [ '1.11.1' ],
267 silly audit   '@unrs/resolver-binding-android-arm64': [ '1.11.1' ],
267 silly audit   '@unrs/resolver-binding-darwin-arm64': [ '1.11.1' ],
267 silly audit   '@unrs/resolver-binding-darwin-x64': [ '1.11.1' ],
267 silly audit   '@unrs/resolver-binding-freebsd-x64': [ '1.11.1' ],
267 silly audit   '@unrs/resolver-binding-linux-arm-gnueabihf': [ '1.11.1' ],
267 silly audit   '@unrs/resolver-binding-linux-arm-musleabihf': [ '1.11.1' ],
267 silly audit   '@unrs/resolver-binding-linux-arm64-gnu': [ '1.11.1' ],
267 silly audit   '@unrs/resolver-binding-linux-arm64-musl': [ '1.11.1' ],
267 silly audit   '@unrs/resolver-binding-linux-ppc64-gnu': [ '1.11.1' ],
267 silly audit   '@unrs/resolver-binding-linux-riscv64-gnu': [ '1.11.1' ],
267 silly audit   '@unrs/resolver-binding-linux-riscv64-musl': [ '1.11.1' ],
267 silly audit   '@unrs/resolver-binding-linux-s390x-gnu': [ '1.11.1' ],
267 silly audit   '@unrs/resolver-binding-linux-x64-gnu': [ '1.11.1' ],
267 silly audit   '@unrs/resolver-binding-linux-x64-musl': [ '1.11.1' ],
267 silly audit   '@unrs/resolver-binding-wasm32-wasi': [ '1.11.1' ],
267 silly audit   '@unrs/resolver-binding-win32-arm64-msvc': [ '1.11.1' ],
267 silly audit   '@unrs/resolver-binding-win32-ia32-msvc': [ '1.11.1' ],
267 silly audit   '@unrs/resolver-binding-win32-x64-msvc': [ '1.11.1' ],
267 silly audit   '@vitejs/plugin-react': [ '5.1.2' ],
267 silly audit   '@vitest/expect': [ '3.2.4' ],
267 silly audit   '@vitest/mocker': [ '3.2.4' ],
267 silly audit   '@vitest/pretty-format': [ '3.2.4' ],
267 silly audit   '@vitest/runner': [ '3.2.4' ],
267 silly audit   '@vitest/snapshot': [ '3.2.4' ],
267 silly audit   '@vitest/spy': [ '3.2.4' ],
267 silly audit   '@vitest/utils': [ '3.2.4' ],
267 silly audit   acorn: [ '8.15.0' ],
267 silly audit   'acorn-jsx': [ '5.3.2' ],
267 silly audit   'agent-base': [ '7.1.4' ],
267 silly audit   ajv: [ '6.12.6' ],
267 silly audit   'ansi-regex': [ '5.0.1', '6.2.2' ],
267 silly audit   'ansi-styles': [ '4.3.0', '5.2.0' ],
267 silly audit   argparse: [ '2.0.1' ],
267 silly audit   'array-buffer-byte-length': [ '1.0.2' ],
267 silly audit   'array-includes': [ '3.1.9' ],
267 silly audit   'array.prototype.findlast': [ '1.2.5' ],
267 silly audit   'array.prototype.findlastindex': [ '1.2.6' ],
267 silly audit   'array.prototype.flat': [ '1.3.3' ],
267 silly audit   'array.prototype.flatmap': [ '1.3.3' ],
267 silly audit   'array.prototype.tosorted': [ '1.1.4' ],
267 silly audit   'arraybuffer.prototype.slice': [ '1.0.4' ],
267 silly audit   'assertion-error': [ '2.0.1' ],
267 silly audit   'ast-types-flow': [ '0.0.8' ],
267 silly audit   'async-function': [ '1.0.0' ],
267 silly audit   asynckit: [ '0.4.0' ],
267 silly audit   'available-typed-arrays': [ '1.0.7' ],
267 silly audit   'axe-core': [ '4.11.0' ],
267 silly audit   'axobject-query': [ '4.1.0' ],
267 silly audit   'balanced-match': [ '1.0.2' ],
267 silly audit   'base64-arraybuffer': [ '1.0.2' ],
267 silly audit   'baseline-browser-mapping': [ '2.9.8' ],
267 silly audit   'bin-links': [ '6.0.0' ],
267 silly audit   braces: [ '3.0.3' ],
267 silly audit   browserslist: [ '4.28.1' ],
267 silly audit   cac: [ '6.7.14' ],
267 silly audit   'call-bind': [ '1.0.8' ],
267 silly audit   'call-bind-apply-helpers': [ '1.0.2' ],
267 silly audit   'call-bound': [ '1.0.4' ],
267 silly audit   callsites: [ '3.1.0' ],
267 silly audit   'caniuse-lite': [ '1.0.30001760' ],
267 silly audit   canvg: [ '3.0.11' ],
267 silly audit   chai: [ '5.3.3' ],
267 silly audit   chalk: [ '4.1.2', '5.6.2' ],
267 silly audit   'check-error': [ '2.1.3' ],
267 silly audit   chownr: [ '3.0.0' ],
267 silly audit   'class-variance-authority': [ '0.7.1' ],
267 silly audit   'cli-cursor': [ '5.0.0' ],
267 silly audit   'cli-spinners': [ '2.9.2', '3.4.0' ],
267 silly audit   'client-only': [ '0.0.1' ],
267 silly audit   cliui: [ '8.0.1' ],
267 silly audit   'emoji-regex': [ '8.0.0', '9.2.2', '10.6.0' ],
267 silly audit   'string-width': [ '4.2.3', '7.2.0', '8.2.0' ],
267 silly audit   'strip-ansi': [ '6.0.1', '7.2.0' ],
267 silly audit   clsx: [ '2.1.1' ],
267 silly audit   'cmd-shim': [ '8.0.0' ],
267 silly audit   'color-convert': [ '2.0.1' ],
267 silly audit   'color-name': [ '1.1.4' ],
267 silly audit   'combined-stream': [ '1.0.8' ],
267 silly audit   'concat-map': [ '0.0.1' ],
267 silly audit   context7: [ '1.0.3' ],
267 silly audit   'node-fetch': [ '2.7.0', '3.3.2' ],
267 silly audit   tr46: [ '0.0.3', '5.1.1' ],
267 silly audit   'webidl-conversions': [ '3.0.1', '7.0.0' ],
267 silly audit   'whatwg-url': [ '5.0.0', '14.2.0' ],
267 silly audit   'convert-source-map': [ '2.0.0' ],
267 silly audit   'core-js': [ '3.47.0' ],
267 silly audit   'cross-spawn': [ '7.0.6' ],
267 silly audit   'css-line-break': [ '2.1.0' ],
267 silly audit   'css.escape': [ '1.5.1' ],
267 silly audit   cssstyle: [ '4.6.0' ],
267 silly audit   'rrweb-cssom': [ '0.8.0', '0.7.1' ],
267 silly audit   csstype: [ '3.2.3' ],
267 silly audit   'damerau-levenshtein': [ '1.0.8' ],
267 silly audit   'data-uri-to-buffer': [ '4.0.1' ],
267 silly audit   'data-urls': [ '5.0.0' ],
267 silly audit   'data-view-buffer': [ '1.0.2' ],
267 silly audit   'data-view-byte-length': [ '1.0.2' ],
267 silly audit   'data-view-byte-offset': [ '1.0.1' ],
267 silly audit   debug: [ '4.4.3', '3.2.7' ],
267 silly audit   'decimal.js': [ '10.6.0' ],
267 silly audit   'deep-eql': [ '5.0.2' ],
267 silly audit   'deep-is': [ '0.1.4' ],
267 silly audit   'define-data-property': [ '1.1.4' ],
267 silly audit   'define-properties': [ '1.2.1' ],
267 silly audit   'delayed-stream': [ '1.0.0' ],
267 silly audit   dequal: [ '2.0.3' ],
267 silly audit   'detect-libc': [ '2.1.2' ],
267 silly audit   doctrine: [ '2.1.0' ],
267 silly audit   dompurify: [ '3.3.1' ],
267 silly audit   'dunder-proto': [ '1.0.1' ],
267 silly audit   'electron-to-chromium': [ '1.5.267' ],
267 silly audit   'enhanced-resolve': [ '5.18.4' ],
267 silly audit   entities: [ '6.0.1' ],
267 silly audit   'es-abstract': [ '1.24.1' ],
267 silly audit   'es-define-property': [ '1.0.1' ],
267 silly audit   'es-errors': [ '1.3.0' ],
267 silly audit   'es-iterator-helpers': [ '1.2.2' ],
267 silly audit   'es-module-lexer': [ '1.7.0' ],
267 silly audit   'es-object-atoms': [ '1.1.1' ],
267 silly audit   'es-set-tostringtag': [ '2.1.0' ],
267 silly audit   'es-shim-unscopables': [ '1.1.0' ],
267 silly audit   'es-to-primitive': [ '1.3.0' ],
267 silly audit   'es6-object-assign': [ '1.1.0' ],
267 silly audit   esbuild: [ '0.27.2' ],
267 silly audit   escalade: [ '3.2.0' ],
267 silly audit   'escape-string-regexp': [ '4.0.0' ],
267 silly audit   eslint: [ '9.39.2' ],
267 silly audit   'eslint-config-next': [ '16.1.6' ],
267 silly audit   globals: [ '16.4.0', '14.0.0' ],
267 silly audit   'eslint-import-resolver-node': [ '0.3.9' ],
267 silly audit   'eslint-import-resolver-typescript': [ '3.10.1' ],
267 silly audit   'eslint-module-utils': [ '2.12.1' ],
267 silly audit   'eslint-plugin-import': [ '2.32.0' ],
267 silly audit   'eslint-plugin-jsx-a11y': [ '6.10.2' ],
267 silly audit   'eslint-plugin-react': [ '7.37.5' ],
267 silly audit   'eslint-plugin-react-hooks': [ '7.0.1' ],
267 silly audit   resolve: [ '2.0.0-next.5', '1.22.11' ],
267 silly audit   'eslint-scope': [ '8.4.0' ],
267 silly audit   espree: [ '10.4.0' ],
267 silly audit   esquery: [ '1.6.0' ],
267 silly audit   esrecurse: [ '4.3.0' ],
267 silly audit   estraverse: [ '5.3.0' ],
267 silly audit   'estree-walker': [ '3.0.3' ],
267 silly audit   esutils: [ '2.0.3' ],
267 silly audit   'expect-type': [ '1.3.0' ],
267 silly audit   'fast-deep-equal': [ '3.1.3' ],
267 silly audit   'fast-glob': [ '3.3.1' ],
267 silly audit   'glob-parent': [ '5.1.2', '6.0.2' ],
267 silly audit   'fast-json-stable-stringify': [ '2.1.0' ],
267 silly audit   'fast-levenshtein': [ '2.0.6' ],
267 silly audit   'fast-png': [ '6.4.0' ],
267 silly audit   fastq: [ '1.20.1' ],
267 silly audit   'fetch-blob': [ '3.2.0' ],
267 silly audit   fflate: [ '0.8.2' ],
267 silly audit   'file-entry-cache': [ '8.0.0' ],
267 silly audit   'fill-range': [ '7.1.1' ],
267 silly audit   'find-up': [ '5.0.0' ],
267 silly audit   'flat-cache': [ '4.0.1' ],
267 silly audit   flatted: [ '3.3.3' ],
267 silly audit   'for-each': [ '0.3.5' ],
267 silly audit   'form-data': [ '4.0.5' ],
267 silly audit   'formdata-polyfill': [ '4.0.10' ],
267 silly audit   fsevents: [ '2.3.3' ],
267 silly audit   'function-bind': [ '1.1.2' ],
267 silly audit   'function.prototype.name': [ '1.1.8' ],
267 silly audit   'functions-have-names': [ '1.2.3' ],
267 silly audit   'generator-function': [ '2.0.1' ],
267 silly audit   gensync: [ '1.0.0-beta.2' ],
267 silly audit   'get-caller-file': [ '2.0.5' ],
267 silly audit   'get-east-asian-width': [ '1.5.0' ],
267 silly audit   'get-intrinsic': [ '1.3.0' ],
267 silly audit   'get-proto': [ '1.0.1' ],
267 silly audit   'get-symbol-description': [ '1.1.0' ],
267 silly audit   'get-tsconfig': [ '4.13.0' ],
267 silly audit   globalthis: [ '1.0.4' ],
267 silly audit   gopd: [ '1.2.0' ],
267 silly audit   'graceful-fs': [ '4.2.11' ],
267 silly audit   'has-bigints': [ '1.1.0' ],
267 silly audit   'has-flag': [ '4.0.0' ],
267 silly audit   'has-property-descriptors': [ '1.0.2' ],
267 silly audit   'has-proto': [ '1.2.0' ],
267 silly audit   'has-symbols': [ '1.1.0' ],
267 silly audit   'has-tostringtag': [ '1.0.2' ],
267 silly audit   hasown: [ '2.0.2' ],
267 silly audit   'hermes-estree': [ '0.25.1' ],
267 silly audit   'hermes-parser': [ '0.25.1' ],
267 silly audit   'html-encoding-sniffer': [ '4.0.0' ],
267 silly audit   html2canvas: [ '1.4.1' ],
267 silly audit   'http-proxy-agent': [ '7.0.2' ],
267 silly audit   'https-proxy-agent': [ '7.0.6' ],
267 silly audit   'iceberg-js': [ '0.8.1' ],
267 silly audit   'iconv-lite': [ '0.6.3', '0.7.2' ],
267 silly audit   'import-fresh': [ '3.3.1' ],
267 silly audit   imurmurhash: [ '0.1.4' ],
267 silly audit   'indent-string': [ '4.0.0' ],
267 silly audit   'internal-slot': [ '1.1.0' ],
267 silly audit   iobuffer: [ '5.4.0' ],
267 silly audit   'is-array-buffer': [ '3.0.5' ],
267 silly audit   'is-async-function': [ '2.1.1' ],
267 silly audit   'is-bigint': [ '1.1.0' ],
267 silly audit   'is-boolean-object': [ '1.2.2' ],
267 silly audit   'is-bun-module': [ '2.0.0' ],
267 silly audit   'is-callable': [ '1.2.7' ],
267 silly audit   'is-core-module': [ '2.16.1' ],
267 silly audit   'is-data-view': [ '1.0.2' ],
267 silly audit   'is-date-object': [ '1.1.0' ],
267 silly audit   'is-extglob': [ '2.1.1' ],
267 silly audit   'is-finalizationregistry': [ '1.1.1' ],
267 silly audit   'is-fullwidth-code-point': [ '3.0.0' ],
267 silly audit   'is-generator-function': [ '1.1.2' ],
267 silly audit   'is-glob': [ '4.0.3' ],
267 silly audit   'is-interactive': [ '2.0.0' ],
267 silly audit   'is-map': [ '2.0.3' ],
267 silly audit   'is-negative-zero': [ '2.0.3' ],
267 silly audit   'is-number': [ '7.0.0' ],
267 silly audit   'is-number-object': [ '1.1.1' ],
267 silly audit   'is-potential-custom-element-name': [ '1.0.1' ],
267 silly audit   'is-regex': [ '1.2.1' ],
267 silly audit   'is-set': [ '2.0.3' ],
267 silly audit   'is-shared-array-buffer': [ '1.0.4' ],
267 silly audit   'is-string': [ '1.1.1' ],
267 silly audit   'is-symbol': [ '1.1.1' ],
267 silly audit   'is-typed-array': [ '1.1.15' ],
267 silly audit   'is-unicode-supported': [ '2.1.0', '1.3.0' ],
267 silly audit   'is-weakmap': [ '2.0.2' ],
267 silly audit   'is-weakref': [ '1.1.1' ],
267 silly audit   'is-weakset': [ '2.0.4' ],
267 silly audit   isarray: [ '2.0.5' ],
267 silly audit   isexe: [ '2.0.0' ],
267 silly audit   'iterator.prototype': [ '1.1.5' ],
267 silly audit   jiti: [ '2.6.1' ],
267 silly audit   'js-tokens': [ '4.0.0', '9.0.1' ],
267 silly audit   'js-yaml': [ '4.1.1' ],
267 silly audit   jsdom: [ '25.0.1' ],
267 silly audit   jsesc: [ '3.1.0' ],
267 silly audit   'json-buffer': [ '3.0.1' ],
267 silly audit   'json-schema-traverse': [ '0.4.1' ],
267 silly audit   'json-stable-stringify-without-jsonify': [ '1.0.1' ],
267 silly audit   json5: [ '2.2.3', '1.0.2' ],
267 silly audit   jspdf: [ '4.0.0' ],
267 silly audit   'jsx-ast-utils': [ '3.3.5' ],
267 silly audit   keyv: [ '4.5.4' ],
267 silly audit   'language-subtag-registry': [ '0.3.23' ],
267 silly audit   'language-tags': [ '1.0.9' ],
267 silly audit   levn: [ '0.4.1' ],
267 silly audit   lightningcss: [ '1.30.2' ],
267 silly audit   'lightningcss-android-arm64': [ '1.30.2' ],
267 silly audit   'lightningcss-darwin-arm64': [ '1.30.2' ],
267 silly audit   'lightningcss-darwin-x64': [ '1.30.2' ],
267 silly audit   'lightningcss-freebsd-x64': [ '1.30.2' ],
267 silly audit   'lightningcss-linux-arm-gnueabihf': [ '1.30.2' ],
267 silly audit   'lightningcss-linux-arm64-gnu': [ '1.30.2' ],
267 silly audit   'lightningcss-linux-arm64-musl': [ '1.30.2' ],
267 silly audit   'lightningcss-linux-x64-gnu': [ '1.30.2' ],
267 silly audit   'lightningcss-linux-x64-musl': [ '1.30.2' ],
267 silly audit   'lightningcss-win32-arm64-msvc': [ '1.30.2' ],
267 silly audit   'lightningcss-win32-x64-msvc': [ '1.30.2' ],
267 silly audit   'locate-path': [ '6.0.0' ],
267 silly audit   'lodash.merge': [ '4.6.2' ],
267 silly audit   'log-symbols': [ '6.0.0', '7.0.1' ],
267 silly audit   'loose-envify': [ '1.4.0' ],
267 silly audit   loupe: [ '3.2.1' ],
267 silly audit   'lucide-react': [ '0.562.0' ],
267 silly audit   'lz-string': [ '1.5.0' ],
267 silly audit   'magic-string': [ '0.30.21' ],
267 silly audit   'math-intrinsics': [ '1.1.0' ],
267 silly audit   merge2: [ '1.4.1' ],
267 silly audit   micromatch: [ '4.0.8' ],
267 silly audit   'mime-db': [ '1.52.0' ],
267 silly audit   'mime-types': [ '2.1.35' ],
267 silly audit   'mimic-function': [ '5.0.1' ],
267 silly audit   'min-indent': [ '1.0.1' ],
267 silly audit   minimist: [ '1.2.8' ],
267 silly audit   minipass: [ '7.1.2' ],
267 silly audit   minizlib: [ '3.1.0' ],
267 silly audit   ms: [ '2.1.3' ],
267 silly audit   nanoid: [ '3.3.11' ],
267 silly audit   'napi-postinstall': [ '0.3.4' ],
267 silly audit   'natural-compare': [ '1.4.0' ],
267 silly audit   next: [ '16.1.6' ],
267 silly audit   postcss: [ '8.4.31', '8.5.6' ],
267 silly audit   'node-domexception': [ '1.0.0' ],
267 silly audit   'node-releases': [ '2.0.27' ],
267 silly audit   'npm-normalize-package-bin': [ '5.0.0' ],
267 silly audit   nwsapi: [ '2.2.23' ],
267 silly audit   'object-assign': [ '4.1.1' ],
267 silly audit   'object-inspect': [ '1.13.4' ],
267 silly audit   'object-keys': [ '1.1.1' ],
267 silly audit   'object.assign': [ '4.1.7' ],
267 silly audit   'object.entries': [ '1.1.9' ],
267 silly audit   'object.fromentries': [ '2.0.8' ],
267 silly audit   'object.groupby': [ '1.0.3' ],
267 silly audit   'object.values': [ '1.2.1' ],
267 silly audit   onetime: [ '7.0.0' ],
267 silly audit   optionator: [ '0.9.4' ],
267 silly audit   ora: [ '8.2.0', '9.3.0' ],
267 silly audit   'own-keys': [ '1.0.1' ],
267 silly audit   'p-limit': [ '3.1.0' ],
267 silly audit   'p-locate': [ '5.0.0' ],
267 silly audit   pako: [ '2.1.0' ],
267 silly audit   'parent-module': [ '1.0.1' ],
267 silly audit   parse5: [ '7.3.0' ],
267 silly audit   'path-exists': [ '4.0.0' ],
267 silly audit   'path-key': [ '3.1.1' ],
267 silly audit   'path-parse': [ '1.0.7' ],
267 silly audit   pathe: [ '2.0.3' ],
267 silly audit   pathval: [ '2.0.1' ],
267 silly audit   'performance-now': [ '2.1.0' ],
267 silly audit   picocolors: [ '1.1.1' ],
267 silly audit   picomatch: [ '2.3.1', '4.0.3' ],
267 silly audit   'possible-typed-array-names': [ '1.1.0' ],
267 silly audit   'prelude-ls': [ '1.2.1' ],
267 silly audit   'pretty-format': [ '27.5.1' ],
267 silly audit   'react-is': [ '17.0.2', '16.13.1' ],
267 silly audit   'proc-log': [ '6.1.0' ],
267 silly audit   'promise-polyfill': [ '6.1.0' ],
267 silly audit   'prop-types': [ '15.8.1' ],
267 silly audit   punycode: [ '2.3.1' ],
267 silly audit   'queue-microtask': [ '1.2.3' ],
267 silly audit   raf: [ '3.4.1' ],
267 silly audit   react: [ '19.2.1' ],
267 silly audit   'react-dom': [ '19.2.1' ],
267 silly audit   'react-refresh': [ '0.18.0' ],
267 silly audit   'read-cmd-shim': [ '6.0.0' ],
267 silly audit   redent: [ '3.0.0' ],
267 silly audit   'reflect.getprototypeof': [ '1.0.10' ],
267 silly audit   'regenerator-runtime': [ '0.13.11' ],
267 silly audit   'regexp.prototype.flags': [ '1.5.4' ],
267 silly audit   'require-directory': [ '2.1.1' ],
267 silly audit   'resolve-from': [ '4.0.0' ],
267 silly audit   'resolve-pkg-maps': [ '1.0.0' ],
267 silly audit   'restore-cursor': [ '5.1.0' ],
267 silly audit   reusify: [ '1.1.0' ],
267 silly audit   rgbcolor: [ '1.0.1' ],
267 silly audit   rollup: [ '4.57.0' ],
267 silly audit   'run-parallel': [ '1.2.0' ],
267 silly audit   'safe-array-concat': [ '1.1.3' ],
267 silly audit   'safe-push-apply': [ '1.0.0' ],
267 silly audit   'safe-regex-test': [ '1.1.0' ],
267 silly audit   'safer-buffer': [ '2.1.2' ],
267 silly audit   saxes: [ '6.0.0' ],
267 silly audit   scheduler: [ '0.27.0' ],
267 silly audit   'set-function-length': [ '1.2.2' ],
267 silly audit   'set-function-name': [ '2.0.2' ],
267 silly audit   'set-proto': [ '1.0.0' ],
267 silly audit   sharp: [ '0.34.5' ],
267 silly audit   'shebang-command': [ '2.0.0' ],
267 silly audit   'shebang-regex': [ '3.0.0' ],
267 silly audit   'side-channel': [ '1.1.0' ],
267 silly audit   'side-channel-list': [ '1.0.0' ],
267 silly audit   'side-channel-map': [ '1.0.1' ],
267 silly audit   'side-channel-weakmap': [ '1.0.2' ],
267 silly audit   siginfo: [ '2.0.0' ],
267 silly audit   'signal-exit': [ '4.1.0' ],
267 silly audit   'source-map-js': [ '1.2.1' ],
267 silly audit   'stable-hash': [ '0.0.5' ],
267 silly audit   stackback: [ '0.0.2' ],
267 silly audit   'stackblur-canvas': [ '2.7.0' ],
267 silly audit   'std-env': [ '3.10.0' ],
267 silly audit   'stdin-discarder': [ '0.2.2', '0.3.1' ],
267 silly audit   'stop-iteration-iterator': [ '1.1.0' ],
267 silly audit   'string.prototype.includes': [ '2.0.1' ],
267 silly audit   'string.prototype.matchall': [ '4.0.12' ],
267 silly audit   'string.prototype.repeat': [ '1.0.0' ],
267 silly audit   'string.prototype.trim': [ '1.2.10' ],
267 silly audit   'string.prototype.trimend': [ '1.0.9' ],
267 silly audit   'string.prototype.trimstart': [ '1.0.8' ],
267 silly audit   'strip-bom': [ '3.0.0' ],
267 silly audit   'strip-indent': [ '3.0.0' ],
267 silly audit   'strip-json-comments': [ '3.1.1' ],
267 silly audit   'strip-literal': [ '3.1.0' ],
267 silly audit   'styled-jsx': [ '5.1.6' ],
267 silly audit   supabase: [ '2.72.9' ],
267 silly audit   'supports-color': [ '7.2.0' ],
267 silly audit   'supports-preserve-symlinks-flag': [ '1.0.0' ],
267 silly audit   'svg-pathdata': [ '6.0.3' ],
267 silly audit   sweetalert: [ '2.1.2' ],
267 silly audit   sweetalert2: [ '11.26.10' ],
267 silly audit   'symbol-tree': [ '3.2.4' ],
267 silly audit   'tailwind-merge': [ '3.4.0' ],
267 silly audit   tailwindcss: [ '4.1.18' ],
267 silly audit   tapable: [ '2.3.0' ],
267 silly audit   tar: [ '7.5.7' ],
267 silly audit   yallist: [ '5.0.0', '3.1.1' ],
267 silly audit   'text-segmentation': [ '1.0.3' ],
267 silly audit   tinybench: [ '2.9.0' ],
267 silly audit   tinyexec: [ '0.3.2' ],
267 silly audit   tinyglobby: [ '0.2.15' ],
267 silly audit   fdir: [ '6.5.0' ],
267 silly audit   tinypool: [ '1.1.1' ],
267 silly audit   tinyrainbow: [ '2.0.0' ],
267 silly audit   tinyspy: [ '4.0.4' ],
267 silly audit   tldts: [ '6.1.86' ],
267 silly audit   'tldts-core': [ '6.1.86' ],
267 silly audit   'to-regex-range': [ '5.0.1' ],
267 silly audit   'tough-cookie': [ '5.1.2' ],
267 silly audit   'ts-api-utils': [ '2.1.0' ],
267 silly audit   'tsconfig-paths': [ '3.15.0' ],
267 silly audit   'tw-animate-css': [ '1.4.0' ],
267 silly audit   'type-check': [ '0.4.0' ],
267 silly audit   'typed-array-buffer': [ '1.0.3' ],
267 silly audit   'typed-array-byte-length': [ '1.0.3' ],
267 silly audit   'typed-array-byte-offset': [ '1.0.4' ],
267 silly audit   'typed-array-length': [ '1.0.7' ],
267 silly audit   typescript: [ '5.9.3' ],
267 silly audit   'typescript-eslint': [ '8.50.0' ],
267 silly audit   'unbox-primitive': [ '1.1.0' ],
267 silly audit   'undici-types': [ '6.21.0' ],
267 silly audit   'unrs-resolver': [ '1.11.1' ],
267 silly audit   'update-browserslist-db': [ '1.2.3' ],
267 silly audit   'uri-js': [ '4.4.1' ],
267 silly audit   utrie: [ '1.0.2' ],
267 silly audit   vite: [ '7.3.1' ],
267 silly audit   'vite-node': [ '3.2.4' ],
267 silly audit   vitest: [ '3.2.4' ],
267 silly audit   'w3c-xmlserializer': [ '5.0.0' ],
267 silly audit   'web-streams-polyfill': [ '3.3.3' ],
267 silly audit   'whatwg-encoding': [ '3.1.1' ],
267 silly audit   'whatwg-mimetype': [ '4.0.0' ],
267 silly audit   which: [ '2.0.2' ],
267 silly audit   'which-boxed-primitive': [ '1.1.1' ],
267 silly audit   'which-builtin-type': [ '1.2.1' ],
267 silly audit   'which-collection': [ '1.0.2' ],
267 silly audit   'which-typed-array': [ '1.1.19' ],
267 silly audit   'why-is-node-running': [ '2.3.0' ],
267 silly audit   'word-wrap': [ '1.2.5' ],
267 silly audit   'wrap-ansi': [ '7.0.0' ],
267 silly audit   'write-file-atomic': [ '7.0.0' ],
267 silly audit   ws: [ '8.18.3' ],
267 silly audit   'xml-name-validator': [ '5.0.0' ],
267 silly audit   xmlchars: [ '2.2.0' ],
267 silly audit   y18n: [ '5.0.8' ],
267 silly audit   yargs: [ '17.7.2' ],
267 silly audit   'yargs-parser': [ '21.1.1' ],
267 silly audit   'yocto-queue': [ '0.1.0' ],
267 silly audit   zod: [ '4.2.1' ],
267 silly audit   'zod-validation-error': [ '4.0.2' ],
267 silly audit   ctx7: [ '0.3.1' ],
267 silly audit   '@inquirer/prompts': [ '8.3.0' ],
267 silly audit   commander: [ '13.1.0', '14.0.3' ],
267 silly audit   figlet: [ '1.10.0' ],
267 silly audit   open: [ '10.2.0' ],
267 silly audit   '@inquirer/checkbox': [ '5.1.0' ],
267 silly audit   '@inquirer/confirm': [ '6.0.8' ],
267 silly audit   '@inquirer/editor': [ '5.0.8' ],
267 silly audit   '@inquirer/expand': [ '5.0.8' ],
267 silly audit   '@inquirer/input': [ '5.0.8' ],
267 silly audit   '@inquirer/number': [ '4.0.8' ],
267 silly audit   '@inquirer/password': [ '5.0.8' ],
267 silly audit   '@inquirer/rawlist': [ '5.2.4' ],
267 silly audit   '@inquirer/search': [ '4.1.4' ],
267 silly audit   '@inquirer/select': [ '5.1.0' ],
267 silly audit   '@inquirer/ansi': [ '2.0.3' ],
267 silly audit   '@inquirer/core': [ '11.1.5' ],
267 silly audit   '@inquirer/figures': [ '2.0.3' ],
267 silly audit   '@inquirer/type': [ '4.0.3' ],
267 silly audit   'cli-width': [ '4.1.0' ],
267 silly audit   'fast-wrap-ansi': [ '0.2.0' ],
267 silly audit   'mute-stream': [ '3.0.0' ],
267 silly audit   '@inquirer/external-editor': [ '2.0.3' ],
267 silly audit   chardet: [ '2.1.1' ],
267 silly audit   'fast-string-width': [ '3.0.2' ],
267 silly audit   'fast-string-truncated-width': [ '3.0.3' ],
267 silly audit   'default-browser': [ '5.5.0' ],
267 silly audit   'define-lazy-prop': [ '3.0.0' ],
267 silly audit   'is-inside-container': [ '1.0.0' ],
267 silly audit   'wsl-utils': [ '0.1.0' ],
267 silly audit   'bundle-name': [ '4.1.0' ],
267 silly audit   'default-browser-id': [ '5.0.1' ],
267 silly audit   'run-applescript': [ '7.1.0' ],
267 silly audit   'is-docker': [ '3.0.0' ],
267 silly audit   'is-wsl': [ '3.1.1' ],
267 silly audit   yoctocolors: [ '2.1.2' ]
267 silly audit }
268 http cache yoctocolors@https://registry.npmjs.org/yoctocolors/-/yoctocolors-2.1.2.tgz 0ms (cache hit)
269 http cache is-docker@https://registry.npmjs.org/is-docker/-/is-docker-3.0.0.tgz 0ms (cache hit)
270 http cache is-wsl@https://registry.npmjs.org/is-wsl/-/is-wsl-3.1.1.tgz 0ms (cache hit)
271 http cache default-browser-id@https://registry.npmjs.org/default-browser-id/-/default-browser-id-5.0.1.tgz 0ms (cache hit)
272 http cache run-applescript@https://registry.npmjs.org/run-applescript/-/run-applescript-7.1.0.tgz 0ms (cache hit)
273 http cache wsl-utils@https://registry.npmjs.org/wsl-utils/-/wsl-utils-0.1.0.tgz 0ms (cache hit)
274 http cache bundle-name@https://registry.npmjs.org/bundle-name/-/bundle-name-4.1.0.tgz 0ms (cache hit)
275 http cache is-inside-container@https://registry.npmjs.org/is-inside-container/-/is-inside-container-1.0.0.tgz 0ms (cache hit)
276 http cache default-browser@https://registry.npmjs.org/default-browser/-/default-browser-5.5.0.tgz 0ms (cache hit)
277 http cache define-lazy-prop@https://registry.npmjs.org/define-lazy-prop/-/define-lazy-prop-3.0.0.tgz 0ms (cache hit)
278 http cache fast-string-truncated-width@https://registry.npmjs.org/fast-string-truncated-width/-/fast-string-truncated-width-3.0.3.tgz 0ms (cache hit)
279 http cache @inquirer/external-editor@https://registry.npmjs.org/@inquirer/external-editor/-/external-editor-2.0.3.tgz 0ms (cache hit)
280 http cache @inquirer/type@https://registry.npmjs.org/@inquirer/type/-/type-4.0.3.tgz 0ms (cache hit)
281 http cache cli-width@https://registry.npmjs.org/cli-width/-/cli-width-4.1.0.tgz 0ms (cache hit)
282 http cache fast-string-width@https://registry.npmjs.org/fast-string-width/-/fast-string-width-3.0.2.tgz 0ms (cache hit)
283 http cache chardet@https://registry.npmjs.org/chardet/-/chardet-2.1.1.tgz 0ms (cache hit)
284 http cache @inquirer/figures@https://registry.npmjs.org/@inquirer/figures/-/figures-2.0.3.tgz 0ms (cache hit)
285 http cache mute-stream@https://registry.npmjs.org/mute-stream/-/mute-stream-3.0.0.tgz 0ms (cache hit)
286 http cache @inquirer/core@https://registry.npmjs.org/@inquirer/core/-/core-11.1.5.tgz 0ms (cache hit)
287 http cache @inquirer/ansi@https://registry.npmjs.org/@inquirer/ansi/-/ansi-2.0.3.tgz 0ms (cache hit)
288 http cache @inquirer/search@https://registry.npmjs.org/@inquirer/search/-/search-4.1.4.tgz 0ms (cache hit)
289 http cache fast-wrap-ansi@https://registry.npmjs.org/fast-wrap-ansi/-/fast-wrap-ansi-0.2.0.tgz 0ms (cache hit)
290 http cache @inquirer/password@https://registry.npmjs.org/@inquirer/password/-/password-5.0.8.tgz 0ms (cache hit)
291 http cache @inquirer/rawlist@https://registry.npmjs.org/@inquirer/rawlist/-/rawlist-5.2.4.tgz 0ms (cache hit)
292 http cache @inquirer/select@https://registry.npmjs.org/@inquirer/select/-/select-5.1.0.tgz 0ms (cache hit)
293 http cache @inquirer/number@https://registry.npmjs.org/@inquirer/number/-/number-4.0.8.tgz 0ms (cache hit)
294 http cache open@https://registry.npmjs.org/open/-/open-10.2.0.tgz 0ms (cache hit)
295 http cache @inquirer/input@https://registry.npmjs.org/@inquirer/input/-/input-5.0.8.tgz 0ms (cache hit)
296 http cache @inquirer/expand@https://registry.npmjs.org/@inquirer/expand/-/expand-5.0.8.tgz 0ms (cache hit)
297 http cache figlet@https://registry.npmjs.org/figlet/-/figlet-1.10.0.tgz 0ms (cache hit)
298 http cache @inquirer/confirm@https://registry.npmjs.org/@inquirer/confirm/-/confirm-6.0.8.tgz 0ms (cache hit)
299 http cache @inquirer/editor@https://registry.npmjs.org/@inquirer/editor/-/editor-5.0.8.tgz 0ms (cache hit)
300 http cache @inquirer/prompts@https://registry.npmjs.org/@inquirer/prompts/-/prompts-8.3.0.tgz 0ms (cache hit)
301 http cache @inquirer/checkbox@https://registry.npmjs.org/@inquirer/checkbox/-/checkbox-5.1.0.tgz 0ms (cache hit)
302 http cache ctx7@https://registry.npmjs.org/ctx7/-/ctx7-0.3.1.tgz 0ms (cache hit)
303 http cache commander@https://registry.npmjs.org/commander/-/commander-13.1.0.tgz 0ms (cache hit)
304 http cache iconv-lite@https://registry.npmjs.org/iconv-lite/-/iconv-lite-0.7.2.tgz 0ms (cache hit)
305 http cache commander@https://registry.npmjs.org/commander/-/commander-14.0.3.tgz 0ms (cache hit)
306 http cache string-width@https://registry.npmjs.org/string-width/-/string-width-8.2.0.tgz 0ms (cache hit)
307 http cache log-symbols@https://registry.npmjs.org/log-symbols/-/log-symbols-7.0.1.tgz 0ms (cache hit)
308 http cache stdin-discarder@https://registry.npmjs.org/stdin-discarder/-/stdin-discarder-0.3.1.tgz 0ms (cache hit)
309 http cache chalk@https://registry.npmjs.org/chalk/-/chalk-5.6.2.tgz 0ms (cache hit)
310 http cache ora@https://registry.npmjs.org/ora/-/ora-9.3.0.tgz 0ms (cache hit)
311 http cache cli-spinners@https://registry.npmjs.org/cli-spinners/-/cli-spinners-3.4.0.tgz 0ms (cache hit)
312 http fetch POST 200 https://registry.npmjs.org/-/npm/v1/security/advisories/bulk 329ms
313 silly audit report {
313 silly audit report   minimatch: [
313 silly audit report     {
313 silly audit report       id: 1113459,
313 silly audit report       url: 'https://github.com/advisories/GHSA-3ppc-4f35-3m26',
313 silly audit report       title: 'minimatch has a ReDoS via repeated wildcards with non-matching literal in pattern',
313 silly audit report       severity: 'high',
313 silly audit report       vulnerable_versions: '<3.1.3',
313 silly audit report       cwe: [Array],
313 silly audit report       cvss: [Object]
313 silly audit report     },
313 silly audit report     {
313 silly audit report       id: 1113465,
313 silly audit report       url: 'https://github.com/advisories/GHSA-3ppc-4f35-3m26',
313 silly audit report       title: 'minimatch has a ReDoS via repeated wildcards with non-matching literal in pattern',
313 silly audit report       severity: 'high',
313 silly audit report       vulnerable_versions: '>=9.0.0 <9.0.6',
313 silly audit report       cwe: [Array],
313 silly audit report       cvss: [Object]
313 silly audit report     },
313 silly audit report     {
313 silly audit report       id: 1113538,
313 silly audit report       url: 'https://github.com/advisories/GHSA-7r86-cg39-jmmj',
313 silly audit report       title: 'minimatch has ReDoS: matchOne() combinatorial backtracking via multiple non-adjacent GLOBSTAR segments',
313 silly audit report       severity: 'high',
313 silly audit report       vulnerable_versions: '<3.1.3',
313 silly audit report       cwe: [Array],
313 silly audit report       cvss: [Object]
313 silly audit report     },
313 silly audit report     {
313 silly audit report       id: 1113544,
313 silly audit report       url: 'https://github.com/advisories/GHSA-7r86-cg39-jmmj',
313 silly audit report       title: 'minimatch has ReDoS: matchOne() combinatorial backtracking via multiple non-adjacent GLOBSTAR segments',
313 silly audit report       severity: 'high',
313 silly audit report       vulnerable_versions: '>=9.0.0 <9.0.7',
313 silly audit report       cwe: [Array],
313 silly audit report       cvss: [Object]
313 silly audit report     },
313 silly audit report     {
313 silly audit report       id: 1113546,
313 silly audit report       url: 'https://github.com/advisories/GHSA-23c5-xmqv-rm74',
313 silly audit report       title: 'minimatch ReDoS: nested *() extglobs generate catastrophically backtracking regular expressions',
313 silly audit report       severity: 'high',
313 silly audit report       vulnerable_versions: '<3.1.4',
313 silly audit report       cwe: [Array],
313 silly audit report       cvss: [Object]
313 silly audit report     },
313 silly audit report     {
313 silly audit report       id: 1113552,
313 silly audit report       url: 'https://github.com/advisories/GHSA-23c5-xmqv-rm74',
313 silly audit report       title: 'minimatch ReDoS: nested *() extglobs generate catastrophically backtracking regular expressions',
313 silly audit report       severity: 'high',
313 silly audit report       vulnerable_versions: '>=9.0.0 <9.0.7',
313 silly audit report       cwe: [Array],
313 silly audit report       cvss: [Object]
313 silly audit report     }
313 silly audit report   ],
313 silly audit report   ajv: [
313 silly audit report     {
313 silly audit report       id: 1113428,
313 silly audit report       url: 'https://github.com/advisories/GHSA-2g4f-4pwh-qvx6',
313 silly audit report       title: 'ajv has ReDoS when using `$data` option',
313 silly audit report       severity: 'moderate',
313 silly audit report       vulnerable_versions: '<6.14.0',
313 silly audit report       cwe: [Array],
313 silly audit report       cvss: [Object]
313 silly audit report     }
313 silly audit report   ],
313 silly audit report   jspdf: [
313 silly audit report     {
313 silly audit report       id: 1112801,
313 silly audit report       url: 'https://github.com/advisories/GHSA-pqxr-3g65-p328',
313 silly audit report       title: 'jsPDF has PDF Injection in AcroFormChoiceField that allows Arbitrary JavaScript Execution',
313 silly audit report       severity: 'high',
313 silly audit report       vulnerable_versions: '<=4.0.0',
313 silly audit report       cwe: [Array],
313 silly audit report       cvss: [Object]
313 silly audit report     },
313 silly audit report     {
313 silly audit report       id: 1112802,
313 silly audit report       url: 'https://github.com/advisories/GHSA-95fx-jjr5-f39c',
313 silly audit report       title: 'jsPDF Vulnerable to Denial of Service (DoS) via Unvalidated BMP Dimensions in BMPDecoder',
313 silly audit report       severity: 'high',
313 silly audit report       vulnerable_versions: '<=4.0.0',
313 silly audit report       cwe: [Array],
313 silly audit report       cvss: [Object]
313 silly audit report     },
313 silly audit report     {
313 silly audit report       id: 1112803,
313 silly audit report       url: 'https://github.com/advisories/GHSA-vm32-vv63-w422',
313 silly audit report       title: 'jsPDF Vulnerable to Stored XMP Metadata Injection (Spoofing & Integrity Violation)',
313 silly audit report       severity: 'moderate',
313 silly audit report       vulnerable_versions: '<=4.0.0',
313 silly audit report       cwe: [Array],
313 silly audit report       cvss: [Object]
313 silly audit report     },
313 silly audit report     {
313 silly audit report       id: 1112804,
313 silly audit report       url: 'https://github.com/advisories/GHSA-cjw8-79x6-5cj4',
313 silly audit report       title: 'jsPDF has Shared State Race Condition in addJS Plugin',
313 silly audit report       severity: 'moderate',
313 silly audit report       vulnerable_versions: '<=4.0.0',
313 silly audit report       cwe: [Array],
313 silly audit report       cvss: [Object]
313 silly audit report     },
313 silly audit report     {
313 silly audit report       id: 1113309,
313 silly audit report       url: 'https://github.com/advisories/GHSA-p5xg-68wr-hm3m',
313 silly audit report       title: 'jsPDF has a PDF Injection in AcroForm module allows Arbitrary JavaScript Execution (RadioButton.createOption and "AS" property)',
313 silly audit report       severity: 'high',
313 silly audit report       vulnerable_versions: '<4.2.0',
313 silly audit report       cwe: [Array],
313 silly audit report       cvss: [Object]
313 silly audit report     },
313 silly audit report     {
313 silly audit report       id: 1113310,
313 silly audit report       url: 'https://github.com/advisories/GHSA-9vjf-qc39-jprp',
313 silly audit report       title: 'jsPDF has a PDF Object Injection via Unsanitized Input in addJS Method',
313 silly audit report       severity: 'high',
313 silly audit report       vulnerable_versions: '<4.2.0',
313 silly audit report       cwe: [Array],
313 silly audit report       cvss: [Object]
313 silly audit report     },
313 silly audit report     {
313 silly audit report       id: 1113324,
313 silly audit report       url: 'https://github.com/advisories/GHSA-67pg-wm7f-q7fj',
313 silly audit report       title: 'jsPDF Affected by Client-Side/Server-Side Denial of Service via Malicious GIF Dimensions',
313 silly audit report       severity: 'high',
313 silly audit report       vulnerable_versions: '<4.2.0',
313 silly audit report       cwe: [Array],
313 silly audit report       cvss: [Object]
313 silly audit report     }
313 silly audit report   ],
313 silly audit report   rollup: [
313 silly audit report     {
313 silly audit report       id: 1113515,
313 silly audit report       url: 'https://github.com/advisories/GHSA-mw96-cpmx-2vgc',
313 silly audit report       title: 'Rollup 4 has Arbitrary File Write via Path Traversal',
313 silly audit report       severity: 'high',
313 silly audit report       vulnerable_versions: '>=4.0.0 <4.59.0',
313 silly audit report       cwe: [Array],
313 silly audit report       cvss: [Object]
313 silly audit report     }
313 silly audit report   ],
313 silly audit report   tar: [
313 silly audit report     {
313 silly audit report       id: 1113375,
313 silly audit report       url: 'https://github.com/advisories/GHSA-83g3-92jg-28cx',
313 silly audit report       title: 'Arbitrary File Read/Write via Hardlink Target Escape Through Symlink Chain in node-tar Extraction',
313 silly audit report       severity: 'high',
313 silly audit report       vulnerable_versions: '<7.5.8',
313 silly audit report       cwe: [Array],
313 silly audit report       cvss: [Object]
313 silly audit report     }
313 silly audit report   ]
313 silly audit report }
314 silly packumentCache corgi:https://registry.npmjs.org/minimatch cache-miss
315 silly packumentCache corgi:https://registry.npmjs.org/ajv cache-miss
316 silly packumentCache corgi:https://registry.npmjs.org/jspdf cache-miss
317 silly packumentCache corgi:https://registry.npmjs.org/rollup cache-miss
318 silly packumentCache corgi:https://registry.npmjs.org/tar cache-miss
319 http fetch GET 200 https://registry.npmjs.org/minimatch 35ms (cache revalidated)
320 silly packumentCache corgi:https://registry.npmjs.org/minimatch set size:167610 disposed:false
321 http fetch GET 200 https://registry.npmjs.org/ajv 72ms (cache revalidated)
322 silly packumentCache corgi:https://registry.npmjs.org/ajv set size:464537 disposed:false
323 http fetch GET 200 https://registry.npmjs.org/tar 75ms (cache revalidated)
324 silly packumentCache corgi:https://registry.npmjs.org/tar set size:195519 disposed:false
325 http fetch GET 200 https://registry.npmjs.org/rollup 79ms (cache revalidated)
326 silly packumentCache corgi:https://registry.npmjs.org/rollup set size:2543476 disposed:false
327 http fetch GET 200 https://registry.npmjs.org/jspdf 277ms (cache revalidated)
328 silly packumentCache corgi:https://registry.npmjs.org/jspdf set size:66192 disposed:false
329 silly packumentCache corgi:https://registry.npmjs.org/@eslint%2fconfig-array cache-miss
330 silly packumentCache corgi:https://registry.npmjs.org/@eslint%2feslintrc cache-miss
331 silly packumentCache corgi:https://registry.npmjs.org/eslint cache-miss
332 silly packumentCache corgi:https://registry.npmjs.org/eslint-plugin-import cache-miss
333 silly packumentCache corgi:https://registry.npmjs.org/eslint-plugin-jsx-a11y cache-miss
334 silly packumentCache corgi:https://registry.npmjs.org/eslint-plugin-react cache-miss
335 http fetch GET 200 https://registry.npmjs.org/eslint-plugin-import 37ms (cache revalidated)
336 silly packumentCache corgi:https://registry.npmjs.org/eslint-plugin-import set size:238396 disposed:false
337 http fetch GET 200 https://registry.npmjs.org/eslint-plugin-jsx-a11y 40ms (cache revalidated)
338 silly packumentCache corgi:https://registry.npmjs.org/eslint-plugin-jsx-a11y set size:108835 disposed:false
339 http fetch GET 200 https://registry.npmjs.org/@eslint%2fconfig-array 53ms (cache revalidated)
340 silly packumentCache corgi:https://registry.npmjs.org/@eslint%2fconfig-array set size:15303 disposed:false
341 http fetch GET 200 https://registry.npmjs.org/@eslint%2feslintrc 57ms (cache revalidated)
342 silly packumentCache corgi:https://registry.npmjs.org/@eslint%2feslintrc set size:81979 disposed:false
343 http fetch GET 200 https://registry.npmjs.org/eslint 65ms (cache revalidated)
344 silly packumentCache corgi:https://registry.npmjs.org/eslint set size:1135904 disposed:false
345 http fetch GET 200 https://registry.npmjs.org/eslint-plugin-react 304ms (cache revalidated)
346 silly packumentCache corgi:https://registry.npmjs.org/eslint-plugin-react set size:309843 disposed:false
347 silly packumentCache corgi:https://registry.npmjs.org/@typescript-eslint%2ftypescript-estree cache-miss
348 http fetch GET 200 https://registry.npmjs.org/@typescript-eslint%2ftypescript-estree 268ms (cache revalidated)
349 silly packumentCache corgi:https://registry.npmjs.org/@typescript-eslint%2ftypescript-estree set size:8501137 disposed:false
350 silly packumentCache corgi:https://registry.npmjs.org/vite cache-miss
351 http fetch GET 200 https://registry.npmjs.org/vite 50ms (cache revalidated)
352 silly packumentCache corgi:https://registry.npmjs.org/vite set size:2190484 disposed:false
353 silly packumentCache corgi:https://registry.npmjs.org/supabase cache-miss
354 http fetch GET 200 https://registry.npmjs.org/supabase 283ms (cache revalidated)
355 silly packumentCache corgi:https://registry.npmjs.org/supabase set size:1171581 disposed:false
356 silly ADD node_modules/yoctocolors
357 silly ADD node_modules/is-wsl
358 silly ADD node_modules/is-docker
359 silly ADD node_modules/run-applescript
360 silly ADD node_modules/default-browser-id
361 silly ADD node_modules/bundle-name
362 silly ADD node_modules/wsl-utils
363 silly ADD node_modules/is-inside-container
364 silly ADD node_modules/define-lazy-prop
365 silly ADD node_modules/default-browser
366 silly ADD node_modules/fast-string-truncated-width
367 silly ADD node_modules/fast-string-width
368 silly ADD node_modules/chardet
369 silly ADD node_modules/@inquirer/external-editor
370 silly ADD node_modules/@inquirer/external-editor/node_modules/iconv-lite
371 silly ADD node_modules/mute-stream
372 silly ADD node_modules/fast-wrap-ansi
373 silly ADD node_modules/cli-width
374 silly ADD node_modules/@inquirer/type
375 silly ADD node_modules/@inquirer/figures
376 silly ADD node_modules/@inquirer/core
377 silly ADD node_modules/@inquirer/ansi
378 silly ADD node_modules/@inquirer/select
379 silly ADD node_modules/@inquirer/search
380 silly ADD node_modules/@inquirer/rawlist
381 silly ADD node_modules/@inquirer/password
382 silly ADD node_modules/@inquirer/number
383 silly ADD node_modules/@inquirer/input
384 silly ADD node_modules/@inquirer/expand
385 silly ADD node_modules/@inquirer/editor
386 silly ADD node_modules/@inquirer/confirm
387 silly ADD node_modules/@inquirer/checkbox
388 silly ADD node_modules/open
389 silly ADD node_modules/figlet
390 silly ADD node_modules/figlet/node_modules/commander
391 silly ADD node_modules/commander
392 silly ADD node_modules/@inquirer/prompts
393 silly ADD node_modules/ctx7
394 silly ADD node_modules/ctx7/node_modules/string-width
395 silly ADD node_modules/ctx7/node_modules/stdin-discarder
396 silly ADD node_modules/ctx7/node_modules/log-symbols
397 silly ADD node_modules/ctx7/node_modules/cli-spinners
398 silly ADD node_modules/ctx7/node_modules/chalk
399 silly ADD node_modules/ctx7/node_modules/ora
400 verbose cwd C:\quotation\my-next-app
401 verbose os Windows_NT 10.0.26200
402 verbose node v24.12.0
403 verbose npm  v11.7.0
404 verbose exit 0
405 info ok
